2011-06-22T18:39:23 analytics_service WARN request to order_service slower than threshold
2011-03-14T11:15:30 analytics_service INFO calling shipping_service
1988-04-22T19:57:09 analytics_service INFO calling order_service
1989-12-10T19:29:38 analytics_service INFO calling shipping_service
2006-09-28T02:25:23 analytics_service INFO calling order_service
2020-05-31T22:59:53 analytics_service INFO calling shipping_service
1981-08-01T11:00:06 analytics_service INFO calling order_service
1986-07-25T00:44:26 analytics_service INFO calling shipping_service
1970-10-18T04:07:26 analytics_service INFO calling order_service
1983-12-11T18:46:32 analytics_service INFO calling shipping_service
1978-01-22T21:57:41 analytics_service INFO calling order_service
1987-02-10T05:45:20 analytics_service INFO calling shipping_service
1997-06-28T04:20:29 analytics_service INFO calling order_service
1977-04-05T01:35:08 analytics_service INFO calling shipping_service
1996-08-31T20:56:55 analytics_service INFO calling order_service
2002-01-23T02:52:48 analytics_service INFO calling shipping_service
1973-02-22T08:16:12 analytics_service INFO calling order_service
2024-04-24T10:13:47 analytics_service WARN request to shipping_service slower than threshold
2012-08-22T16:26:53 analytics_service INFO calling order_service
1999-11-07T14:46:03 analytics_service INFO calling shipping_service
1984-01-26T01:26:29 analytics_service INFO calling order_service
1986-05-14T10:14:31 analytics_service INFO calling shipping_service
2020-09-02T00:36:56 analytics_service INFO calling order_service
2010-11-18T21:04:00 analytics_service INFO calling shipping_service
2017-09-16T14:13:51 analytics_service INFO calling order_service
1989-03-17T09:17:36 analytics_service INFO calling shipping_service
2007-02-14T06:56:07 analytics_service INFO calling order_service
1995-03-06T04:06:40 analytics_service INFO calling shipping_service
1995-06-12T22:51:41 analytics_service INFO calling order_service
1972-06-16T22:18:08 analytics_service INFO calling shipping_service
1992-03-25T01:27:18 analytics_service INFO calling order_service
2024-01-07T18:53:40 analytics_service INFO calling shipping_service
1977-09-25T10:39:02 analytics_service INFO calling order_service
2006-05-04T06:16:32 analytics_service INFO calling shipping_service
1990-06-27T19:40:32 analytics_service WARN request to order_service slower than threshold
2023-12-26T04:23:58 analytics_service INFO calling shipping_service
1989-11-19T02:15:34 analytics_service INFO calling order_service
2021-04-03T11:57:37 analytics_service INFO calling shipping_service
1998-05-21T00:37:18 analytics_service INFO calling order_service
1985-05-13T08:26:50 analytics_service INFO calling shipping_service
2015-11-16T10:44:13 analytics_service INFO calling order_service
2008-08-26T14:05:48 analytics_service ERROR timeout detected while calling shipping_service
1992-01-04T07:48:06 analytics_service INFO calling order_service
2023-11-26T07:17:58 analytics_service INFO calling shipping_service
1996-11-26T19:44:17 analytics_service INFO calling order_service
2020-12-25T08:14:49 analytics_service INFO calling shipping_service
2022-06-18T10:40:40 analytics_service INFO calling order_service
1993-03-25T22:50:50 analytics_service INFO calling shipping_service
2006-09-12T23:46:05 analytics_service INFO calling order_service
1986-09-10T03:18:06 analytics_service INFO calling shipping_service
1971-03-26T17:40:30 analytics_service INFO calling order_service
1974-12-08T12:49:52 analytics_service WARN request to shipping_service slower than threshold
2011-12-21T02:17:26 analytics_service INFO calling order_service
2016-10-31T14:14:01 analytics_service INFO calling shipping_service
2024-02-23T03:02:35 analytics_service INFO calling order_service
2025-01-16T01:10:45 analytics_service INFO calling shipping_service
1986-10-15T00:36:28 analytics_service INFO calling order_service
2023-07-29T06:41:48 analytics_service INFO calling shipping_service
2012-12-09T20:33:21 analytics_service INFO calling order_service
1974-04-22T22:28:21 analytics_service INFO calling shipping_service
1970-05-13T07:15:26 analytics_service INFO calling order_service
1983-06-27T11:11:18 analytics_service INFO calling shipping_service
1988-08-13T13:24:57 analytics_service INFO calling order_service
2003-12-02T06:45:02 analytics_service INFO calling shipping_service
2005-01-06T01:45:05 analytics_service INFO calling order_service
2011-07-24T07:57:22 analytics_service INFO calling shipping_service
2014-11-03T20:04:54 analytics_service INFO calling order_service
1977-05-30T02:43:19 analytics_service INFO calling shipping_service
1998-12-19T00:41:34 analytics_service WARN request to order_service slower than threshold
1989-05-06T13:32:34 analytics_service INFO calling shipping_service
1988-11-21T00:22:29 analytics_service INFO calling order_service
1977-07-25T20:14:02 analytics_service INFO calling shipping_service
1990-12-20T00:52:40 analytics_service INFO calling order_service
1977-10-22T04:11:02 analytics_service INFO calling shipping_service
1990-07-20T16:31:38 analytics_service INFO calling order_service
2025-11-30T14:02:40 analytics_service INFO calling shipping_service
2023-06-08T19:47:51 analytics_service INFO calling order_service
1979-12-21T11:25:53 analytics_service INFO calling shipping_service
1980-07-17T10:46:05 analytics_service INFO calling order_service
2006-12-18T02:02:27 analytics_service INFO calling shipping_service
2007-05-17T10:38:44 analytics_service INFO calling order_service
1997-05-04T06:08:32 analytics_service INFO calling shipping_service
2012-12-17T09:25:51 analytics_service ERROR timeout detected while calling order_service
2010-04-10T11:11:18 analytics_service INFO calling shipping_service
2014-09-08T21:19:34 analytics_service INFO calling order_service
1972-03-07T17:11:39 analytics_service WARN request to shipping_service slower than threshold
2010-09-12T17:32:04 analytics_service INFO calling order_service
1992-05-11T17:51:37 analytics_service INFO calling shipping_service
1976-01-17T06:55:11 analytics_service INFO calling order_service
2010-03-26T20:34:16 analytics_service INFO calling shipping_service
2014-12-09T02:51:00 analytics_service INFO calling order_service
2012-03-27T12:01:52 analytics_service INFO calling shipping_service
1988-11-09T12:48:09 analytics_service INFO calling order_service
1990-05-26T15:59:24 analytics_service INFO calling shipping_service
2020-09-13T02:12:51 analytics_service INFO calling order_service
1971-04-13T03:22:59 analytics_service INFO calling shipping_service
1998-01-27T22:16:42 analytics_service INFO calling order_service
2004-05-20T20:43:12 analytics_service INFO calling shipping_service
2014-12-18T19:16:16 analytics_service INFO calling order_service
2000-12-02T16:10:57 analytics_service INFO calling shipping_service
1993-01-28T07:38:45 analytics_service INFO calling order_service
1988-08-09T08:04:55 analytics_service INFO calling shipping_service
1980-09-03T15:05:46 analytics_service WARN request to order_service slower than threshold
2023-10-20T16:18:49 analytics_service INFO calling shipping_service
1995-03-16T15:11:14 analytics_service INFO calling order_service
2023-04-01T22:17:29 analytics_service INFO calling shipping_service
2006-06-10T23:35:50 analytics_service INFO calling order_service
1987-07-11T21:47:46 analytics_service INFO calling shipping_service
1994-07-23T20:49:47 analytics_service INFO calling order_service
1987-02-04T11:06:14 analytics_service INFO calling shipping_service
1995-05-19T06:08:31 analytics_service INFO calling order_service
2010-08-19T21:42:28 analytics_service INFO calling shipping_service
1987-08-31T05:37:44 analytics_service INFO calling order_service
2000-06-29T13:59:25 analytics_service INFO calling shipping_service
2025-08-19T22:18:25 analytics_service INFO calling order_service
1988-04-03T13:09:18 analytics_service INFO calling shipping_service
1994-11-10T01:10:43 analytics_service INFO calling order_service
2018-11-19T13:01:04 analytics_service INFO calling shipping_service
2019-04-16T18:58:33 analytics_service INFO calling order_service
1993-08-17T02:31:29 analytics_service WARN request to shipping_service slower than threshold