2014-12-21T12:08:57 api_gateway WARN request to auth_service slower than threshold
2001-12-21T04:54:46 api_gateway INFO calling product_catalog_service
1980-04-28T12:55:44 api_gateway INFO calling cart_service
1993-12-14T00:32:28 api_gateway INFO calling checkout_service
1989-02-08T20:36:58 api_gateway INFO calling auth_service
2011-07-15T10:02:33 api_gateway INFO calling product_catalog_service
1994-04-07T12:39:29 api_gateway INFO calling cart_service
2025-09-04T13:54:47 api_gateway INFO calling checkout_service
1993-01-22T08:01:05 api_gateway INFO calling auth_service
2000-11-23T11:17:07 api_gateway INFO calling product_catalog_service
1992-11-08T21:54:38 api_gateway INFO calling cart_service
2007-08-20T03:07:18 api_gateway INFO calling checkout_service
1978-01-09T20:24:34 api_gateway INFO calling auth_service
1984-10-14T06:20:44 api_gateway INFO calling product_catalog_service
1986-04-30T01:24:49 api_gateway INFO calling cart_service
1988-05-18T05:33:15 api_gateway INFO calling checkout_service
2014-07-01T18:18:22 api_gateway INFO calling auth_service
1984-12-15T07:14:55 api_gateway WARN request to product_catalog_service slower than threshold
2007-09-17T18:10:16 api_gateway INFO calling cart_service
2012-11-29T14:07:15 api_gateway INFO calling checkout_service
1996-05-29T08:34:33 api_gateway INFO calling auth_service
2018-02-22T15:19:44 api_gateway INFO calling product_catalog_service
1994-01-08T21:34:03 api_gateway INFO calling cart_service
1983-01-01T20:23:52 api_gateway INFO calling checkout_service
1977-04-07T03:43:13 api_gateway INFO calling auth_service
2005-05-05T22:17:14 api_gateway INFO calling product_catalog_service
1973-08-15T20:33:18 api_gateway INFO calling cart_service
1999-12-06T14:21:44 api_gateway INFO calling checkout_service
1998-01-13T01:22:46 api_gateway INFO calling auth_service
1997-09-05T06:58:04 api_gateway INFO calling product_catalog_service
1974-07-25T03:55:48 api_gateway INFO calling cart_service
1994-09-02T07:54:20 api_gateway INFO calling checkout_service
1985-03-12T00:36:24 api_gateway INFO calling auth_service
1980-12-23T20:11:44 api_gateway INFO calling product_catalog_service
1995-12-31T15:32:46 api_gateway WARN request to cart_service slower than threshold
2023-11-22T22:27:10 api_gateway INFO calling checkout_service
2013-01-15T16:40:49 api_gateway INFO calling auth_service
2019-12-19T20:36:26 api_gateway INFO calling product_catalog_service
2017-08-25T02:19:20 api_gateway INFO calling cart_service
2001-01-19T14:04:24 api_gateway INFO calling checkout_service
2018-05-12T00:51:54 api_gateway INFO calling auth_service
1997-02-13T01:32:43 api_gateway ERROR timeout detected while calling product_catalog_service
2022-05-21T00:21:10 api_gateway INFO calling cart_service
1979-04-10T07:33:53 api_gateway INFO calling checkout_service
2001-07-01T00:27:18 api_gateway INFO calling auth_service
2018-12-23T16:04:59 api_gateway INFO calling product_catalog_service
1983-03-27T18:22:50 api_gateway INFO calling cart_service
1988-08-28T08:43:18 api_gateway INFO calling checkout_service
1992-09-18T00:05:20 api_gateway INFO calling auth_service
2002-11-03T04:34:30 api_gateway INFO calling product_catalog_service
2001-12-29T17:28:23 api_gateway INFO calling cart_service
1972-05-10T16:38:45 api_gateway WARN request to checkout_service slower than threshold
2015-12-12T08:32:02 api_gateway INFO calling auth_service
2012-11-16T13:27:50 api_gateway INFO calling product_catalog_service
1982-09-15T12:36:36 api_gateway INFO calling cart_service
2024-09-14T12:11:34 api_gateway INFO calling checkout_service
1994-07-01T20:36:57 api_gateway INFO calling auth_service
2004-05-04T05:54:44 api_gateway INFO calling product_catalog_service
2025-05-15T13:09:53 api_gateway INFO calling cart_service
2001-05-27T23:14:29 api_gateway INFO calling checkout_service
1974-01-24T11:00:20 api_gateway INFO calling auth_service
1987-01-07T19:58:15 api_gateway INFO calling product_catalog_service
2013-03-26T00:37:25 api_gateway INFO calling cart_service
2018-12-25T06:12:29 api_gateway INFO calling checkout_service
1985-06-03T16:57:32 api_gateway INFO calling auth_service
1989-06-06T07:11:28 api_gateway INFO calling product_catalog_service
2023-07-11T22:34:23 api_gateway INFO calling cart_service
1974-09-04T11:26:28 api_gateway INFO calling checkout_service
1983-01-22T22:22:37 api_gateway WARN request to auth_service slower than threshold
2004-02-28T09:31:27 api_gateway INFO calling product_catalog_service
1999-08-19T06:21:08 api_gateway INFO calling cart_service
2023-10-14T15:27:01 api_gateway INFO calling checkout_service
1990-05-11T09:29:52 api_gateway INFO calling auth_service
2000-09-26T17:33:17 api_gateway INFO calling product_catalog_service
2017-12-02T07:53:40 api_gateway INFO calling cart_service
2018-02-16T08:27:05 api_gateway INFO calling checkout_service
1981-10-07T11:40:02 api_gateway INFO calling auth_service
2014-11-24T06:43:08 api_gateway INFO calling product_catalog_service
2024-08-02T06:16:46 api_gateway INFO calling cart_service
1997-03-30T18:09:56 api_gateway INFO calling checkout_service
2016-07-21T13:52:36 api_gateway INFO calling auth_service
2018-01-12T22:10:56 api_gateway INFO calling product_catalog_service
1987-11-14T18:45:45 api_gateway ERROR timeout detected while calling cart_service
1995-10-06T18:32:58 api_gateway INFO calling checkout_service
2011-02-13T06:26:00 api_gateway INFO calling auth_service
2022-01-10T11:14:40 api_gateway WARN request to product_catalog_service slower than threshold
2009-12-27T04:52:41 api_gateway INFO calling cart_service
1970-10-25T11:44:00 api_gateway INFO calling checkout_service
2020-03-23T03:04:33 api_gateway INFO calling auth_service
1994-12-22T03:27:23 api_gateway INFO calling product_catalog_service
2015-09-15T07:27:38 api_gateway INFO calling cart_service
1981-12-17T15:38:31 api_gateway INFO calling checkout_service
1989-05-10T21:14:42 api_gateway INFO calling auth_service
1989-06-19T17:23:09 api_gateway INFO calling product_catalog_service
1982-10-10T20:47:04 api_gateway INFO calling cart_service
2022-11-16T08:01:52 api_gateway INFO calling checkout_service
1977-11-21T03:13:47 api_gateway INFO calling auth_service
2010-03-04T16:59:31 api_gateway INFO calling product_catalog_service
1984-03-16T00:02:14 api_gateway INFO calling cart_service
1977-08-18T22:34:40 api_gateway INFO calling checkout_service
2017-04-01T18:53:02 api_gateway INFO calling auth_service
2025-12-03T03:58:31 api_gateway INFO calling product_catalog_service
1998-10-28T07:36:42 api_gateway WARN request to cart_service slower than threshold
2002-03-25T13:50:41 api_gateway INFO calling checkout_service
1970-10-20T07:33:36 api_gateway INFO calling auth_service
2020-08-21T02:03:24 api_gateway INFO calling product_catalog_service
2002-12-16T15:06:02 api_gateway INFO calling cart_service
2021-03-11T12:00:29 api_gateway INFO calling checkout_service
2012-08-26T08:44:58 api_gateway INFO calling auth_service
1989-09-10T12:42:02 api_gateway INFO calling product_catalog_service
2013-08-11T04:11:17 api_gateway INFO calling cart_service
2005-05-14T01:19:48 api_gateway INFO calling checkout_service
2002-02-18T20:40:26 api_gateway INFO calling auth_service
1989-06-09T20:26:41 api_gateway INFO calling product_catalog_service
1986-01-27T13:55:12 api_gateway INFO calling cart_service
2013-07-14T06:04:36 api_gateway INFO calling checkout_service
2006-07-17T15:53:54 api_gateway INFO calling auth_service
1971-09-16T13:23:25 api_gateway INFO calling product_catalog_service
1997-12-07T10:42:00 api_gateway INFO calling cart_service
1988-03-30T15:15:27 api_gateway WARN request to checkout_service slower than threshold