1974-03-29T12:57:02 cart_service WARN request to product_catalog_service slower than threshold
2010-06-22T04:44:52 cart_service INFO calling inventory_service
1988-08-26T01:31:38 cart_service INFO calling product_catalog_service
1997-08-28T04:49:02 cart_service INFO calling inventory_service
2003-10-16T15:15:21 cart_service INFO calling product_catalog_service
1999-08-09T21:45:02 cart_service INFO calling inventory_service
1996-04-24T21:32:28 cart_service INFO calling product_catalog_service
1989-11-21T01:25:04 cart_service INFO calling inventory_service
1995-06-13T02:37:45 cart_service INFO calling product_catalog_service
1984-11-13T10:04:07 cart_service INFO calling inventory_service
2003-02-02T11:30:30 cart_service INFO calling product_catalog_service
1992-09-03T23:05:03 cart_service INFO calling inventory_service
1979-10-25T03:50:51 cart_service INFO calling product_catalog_service
1997-01-03T21:41:16 cart_service INFO calling inventory_service
1985-07-16T04:35:06 cart_service INFO calling product_catalog_service
1996-08-28T04:18:41 cart_service INFO calling inventory_service
1975-04-06T09:06:56 cart_service INFO calling product_catalog_service
1983-12-30T19:41:02 cart_service WARN request to inventory_service slower than threshold
1982-11-28T22:57:40 cart_service INFO calling product_catalog_service
2019-08-25T03:13:52 cart_service INFO calling inventory_service
2006-04-23T14:39:12 cart_service INFO calling product_catalog_service
1986-07-13T19:18:52 cart_service INFO calling inventory_service
1989-02-19T18:59:07 cart_service INFO calling product_catalog_service
2004-06-11T07:37:38 cart_service INFO calling inventory_service
1989-01-06T15:27:48 cart_service INFO calling product_catalog_service
1977-04-01T07:54:07 cart_service INFO calling inventory_service
1984-04-16T05:15:57 cart_service INFO calling product_catalog_service
1993-05-28T23:20:50 cart_service INFO calling inventory_service
2025-11-04T19:42:50 cart_service INFO calling product_catalog_service
2016-10-16T01:12:43 cart_service INFO calling inventory_service
1986-02-07T22:32:58 cart_service INFO calling product_catalog_service
1990-10-27T07:31:31 cart_service INFO calling inventory_service
2016-07-24T04:27:09 cart_service INFO calling product_catalog_service
1980-04-07T05:16:39 cart_service INFO calling inventory_service
1980-11-25T08:03:43 cart_service WARN request to product_catalog_service slower than threshold
2007-06-26T08:56:20 cart_service INFO calling inventory_service
1990-11-12T18:15:34 cart_service INFO calling product_catalog_service
1986-09-22T14:24:29 cart_service INFO calling inventory_service
1990-07-20T16:57:55 cart_service INFO calling product_catalog_service
2024-08-30T16:59:16 cart_service INFO calling inventory_service
1978-11-22T11:18:11 cart_service INFO calling product_catalog_service
1997-02-16T20:31:50 cart_service ERROR timeout detected while calling inventory_service
2023-10-29T05:24:18 cart_service INFO calling product_catalog_service
1990-10-10T08:33:17 cart_service INFO calling inventory_service
2017-09-14T16:40:40 cart_service INFO calling product_catalog_service
1983-10-09T23:43:29 cart_service INFO calling inventory_service
1984-02-04T18:31:27 cart_service INFO calling product_catalog_service
2006-04-19T14:44:25 cart_service INFO calling inventory_service
1977-04-07T08:00:21 cart_service INFO calling product_catalog_service
2017-06-14T06:51:58 cart_service INFO calling inventory_service
1974-12-09T08:52:17 cart_service INFO calling product_catalog_service
2023-02-27T00:28:24 cart_service WARN request to inventory_service slower than threshold
2007-11-26T01:28:45 cart_service INFO calling product_catalog_service
2014-05-09T23:39:01 cart_service INFO calling inventory_service
1973-11-30T14:42:03 cart_service INFO calling product_catalog_service
1989-01-20T01:56:09 cart_service INFO calling inventory_service
1986-08-31T01:01:43 cart_service INFO calling product_catalog_service
2020-04-17T17:52:30 cart_service INFO calling inventory_service
1985-02-09T21:38:24 cart_service INFO calling product_catalog_service
1989-04-27T21:40:38 cart_service INFO calling inventory_service
1978-11-18T18:33:36 cart_service INFO calling product_catalog_service
2002-01-18T09:49:25 cart_service INFO calling inventory_service
1988-05-16T16:47:24 cart_service INFO calling product_catalog_service
2017-03-29T03:58:42 cart_service INFO calling inventory_service
2017-11-28T17:20:50 cart_service INFO calling product_catalog_service
1975-05-09T21:39:01 cart_service INFO calling inventory_service
1987-05-17T00:40:31 cart_service INFO calling product_catalog_service
2011-04-22T01:34:22 cart_service INFO calling inventory_service
2023-11-30T15:49:28 cart_service WARN request to product_catalog_service slower than threshold
2010-09-20T13:03:30 cart_service INFO calling inventory_service
2001-10-21T02:12:36 cart_service INFO calling product_catalog_service
2025-11-16T12:36:27 cart_service INFO calling inventory_service
2021-11-20T14:38:19 cart_service INFO calling product_catalog_service
1984-04-18T13:14:04 cart_service INFO calling inventory_service
1994-06-19T02:31:58 cart_service INFO calling product_catalog_service
2023-07-17T17:27:48 cart_service INFO calling inventory_service
1987-07-30T20:36:11 cart_service INFO calling product_catalog_service
2007-05-05T14:28:43 cart_service INFO calling inventory_service
1971-11-15T17:37:51 cart_service INFO calling product_catalog_service
1995-01-03T13:03:54 cart_service INFO calling inventory_service
2020-01-18T17:24:27 cart_service INFO calling product_catalog_service
1975-02-13T15:14:09 cart_service INFO calling inventory_service
1991-11-17T16:10:15 cart_service ERROR timeout detected while calling product_catalog_service
1983-02-22T23:11:44 cart_service INFO calling inventory_service
1987-12-08T17:51:14 cart_service INFO calling product_catalog_service
2015-05-26T20:15:01 cart_service WARN request to inventory_service slower than threshold
1977-06-02T05:51:23 cart_service INFO calling product_catalog_service
2002-09-05T06:27:42 cart_service INFO calling inventory_service
1993-05-10T19:37:18 cart_service INFO calling product_catalog_service
2017-08-21T08:53:02 cart_service INFO calling inventory_service
1974-12-16T00:31:42 cart_service INFO calling product_catalog_service
2011-06-18T02:56:50 cart_service INFO calling inventory_service
1994-09-15T15:19:25 cart_service INFO calling product_catalog_service
1973-12-27T00:56:51 cart_service INFO calling inventory_service
2017-06-17T01:16:18 cart_service INFO calling product_catalog_service
1981-10-29T06:16:34 cart_service INFO calling inventory_service
1980-07-31T17:16:10 cart_service INFO calling product_catalog_service
2005-10-20T21:06:53 cart_service INFO calling inventory_service
1984-07-07T12:32:49 cart_service INFO calling product_catalog_service
1991-05-18T15:24:32 cart_service INFO calling inventory_service
1992-09-18T07:31:58 cart_service INFO calling product_catalog_service
1976-03-13T19:24:32 cart_service INFO calling inventory_service
1987-02-13T06:57:42 cart_service WARN request to product_catalog_service slower than threshold
1988-07-27T14:32:52 cart_service INFO calling inventory_service
2024-07-13T15:03:33 cart_service INFO calling product_catalog_service
2020-01-17T16:29:48 cart_service INFO calling inventory_service
2014-01-18T14:36:00 cart_service INFO calling product_catalog_service
2024-05-12T22:55:07 cart_service INFO calling inventory_service
2010-11-30T21:26:16 cart_service INFO calling product_catalog_service
2019-07-21T15:46:58 cart_service INFO calling inventory_service
2005-02-15T12:16:14 cart_service INFO calling product_catalog_service
2024-06-03T00:47:27 cart_service INFO calling inventory_service
2021-12-14T14:34:09 cart_service INFO calling product_catalog_service
1980-10-12T03:58:47 cart_service INFO calling inventory_service
2002-07-02T12:33:09 cart_service INFO calling product_catalog_service
1980-06-17T14:17:35 cart_service INFO calling inventory_service
2013-06-25T11:35:03 cart_service INFO calling product_catalog_service
2013-06-20T16:53:38 cart_service INFO calling inventory_service
2003-08-01T13:34:55 cart_service INFO calling product_catalog_service
2011-09-28T12:45:46 cart_service WARN request to inventory_service slower than threshold