2002-08-04T13:34:34 checkout_service WARN request to cart_service slower than threshold
2010-11-24T22:14:21 checkout_service INFO calling payment_service
2025-11-26T20:03:29 checkout_service INFO calling inventory_service
1982-06-11T21:24:13 checkout_service INFO calling cart_service
2016-12-15T03:50:32 checkout_service INFO calling payment_service
1994-10-11T20:32:47 checkout_service INFO calling inventory_service
2003-09-05T02:03:03 checkout_service INFO calling cart_service
2016-05-25T13:40:43 checkout_service INFO calling payment_service
2007-11-22T11:28:02 checkout_service INFO calling inventory_service
2005-06-15T10:41:46 checkout_service INFO calling cart_service
1970-05-27T16:52:56 checkout_service INFO calling payment_service
2004-01-12T20:53:27 checkout_service INFO calling inventory_service
2013-07-17T13:00:21 checkout_service INFO calling cart_service
2013-06-29T05:08:33 checkout_service INFO calling payment_service
1988-05-30T09:05:05 checkout_service INFO calling inventory_service
1999-03-29T23:58:12 checkout_service INFO calling cart_service
1970-01-12T21:02:07 checkout_service INFO calling payment_service
1988-06-17T02:51:34 checkout_service WARN request to inventory_service slower than threshold
1980-09-25T14:18:53 checkout_service INFO calling cart_service
2015-02-15T23:27:09 checkout_service INFO calling payment_service
1973-07-19T07:33:36 checkout_service INFO calling inventory_service
2008-02-11T00:55:11 checkout_service INFO calling cart_service
1972-08-11T11:32:40 checkout_service INFO calling payment_service
2021-12-16T11:32:08 checkout_service INFO calling inventory_service
2017-03-31T23:06:51 checkout_service INFO calling cart_service
2004-02-05T07:53:16 checkout_service INFO calling payment_service
1980-12-20T17:57:02 checkout_service INFO calling inventory_service
1970-05-26T04:15:56 checkout_service INFO calling cart_service
1998-07-02T15:59:12 checkout_service INFO calling payment_service
1998-08-08T14:49:05 checkout_service INFO calling inventory_service
1998-07-08T01:45:52 checkout_service INFO calling cart_service
1996-03-19T04:23:35 checkout_service INFO calling payment_service
2006-09-09T06:47:40 checkout_service INFO calling inventory_service
2016-10-19T14:22:31 checkout_service INFO calling cart_service
1987-01-14T21:29:59 checkout_service WARN request to payment_service slower than threshold
1976-08-16T11:17:45 checkout_service INFO calling inventory_service
2013-12-17T22:31:55 checkout_service INFO calling cart_service
1978-11-09T19:18:15 checkout_service INFO calling payment_service
2006-03-13T17:16:04 checkout_service INFO calling inventory_service
2019-09-19T09:56:51 checkout_service INFO calling cart_service
1997-01-22T12:22:55 checkout_service INFO calling payment_service
1971-07-13T14:58:24 checkout_service ERROR timeout detected while calling inventory_service
2000-08-08T10:22:44 checkout_service INFO calling cart_service
1987-12-08T16:48:43 checkout_service INFO calling payment_service
2002-02-06T04:59:09 checkout_service INFO calling inventory_service
2013-09-17T23:17:17 checkout_service INFO calling cart_service
1971-10-21T17:08:54 checkout_service INFO calling payment_service
2005-01-22T04:10:35 checkout_service INFO calling inventory_service
1992-01-05T05:40:11 checkout_service INFO calling cart_service
2006-02-10T04:49:20 checkout_service INFO calling payment_service
1992-03-19T03:50:31 checkout_service INFO calling inventory_service
2014-05-15T16:18:31 checkout_service WARN request to cart_service slower than threshold
1996-08-19T12:07:00 checkout_service INFO calling payment_service
2006-02-22T01:07:58 checkout_service INFO calling inventory_service
1972-11-22T13:29:58 checkout_service INFO calling cart_service
1982-07-07T11:35:18 checkout_service INFO calling payment_service
2017-02-20T23:10:36 checkout_service INFO calling inventory_service
1983-10-15T18:14:38 checkout_service INFO calling cart_service
1978-04-10T05:59:53 checkout_service INFO calling payment_service
1987-04-28T09:13:15 checkout_service INFO calling inventory_service
2020-01-23T05:29:18 checkout_service INFO calling cart_service
1982-11-30T06:29:06 checkout_service INFO calling payment_service
2013-07-20T16:48:10 checkout_service INFO calling inventory_service
1996-01-01T05:20:06 checkout_service INFO calling cart_service
2005-10-07T02:59:24 checkout_service INFO calling payment_service
1986-06-05T18:08:22 checkout_service INFO calling inventory_service
2025-08-14T00:17:18 checkout_service INFO calling cart_service
2018-03-09T07:41:25 checkout_service INFO calling payment_service
2003-07-10T15:20:51 checkout_service WARN request to inventory_service slower than threshold
1992-09-18T03:30:06 checkout_service INFO calling cart_service
1988-01-07T06:34:30 checkout_service INFO calling payment_service
2014-07-08T02:16:38 checkout_service INFO calling inventory_service
1970-11-15T09:34:56 checkout_service INFO calling cart_service
1982-05-07T21:27:54 checkout_service INFO calling payment_service
2023-01-01T10:36:10 checkout_service INFO calling inventory_service
2020-05-24T10:06:03 checkout_service INFO calling cart_service
2019-06-10T15:35:13 checkout_service INFO calling payment_service
1980-06-19T16:19:25 checkout_service INFO calling inventory_service
1983-12-17T04:26:19 checkout_service INFO calling cart_service
2004-05-18T19:56:05 checkout_service INFO calling payment_service
2016-03-01T18:51:18 checkout_service INFO calling inventory_service
1978-11-08T03:41:35 checkout_service INFO calling cart_service
2001-11-20T10:50:34 checkout_service ERROR timeout detected while calling payment_service
2018-07-26T01:44:32 checkout_service INFO calling inventory_service
1988-05-07T17:25:45 checkout_service INFO calling cart_service
2017-03-26T03:26:43 checkout_service WARN request to payment_service slower than threshold
1993-07-05T21:45:30 checkout_service INFO calling inventory_service
1976-06-27T05:14:19 checkout_service INFO calling cart_service
2008-07-05T17:02:02 checkout_service INFO calling payment_service
1985-09-07T11:13:10 checkout_service INFO calling inventory_service
2005-03-23T11:31:17 checkout_service INFO calling cart_service
1971-06-13T19:26:45 checkout_service INFO calling payment_service
1970-02-13T10:05:12 checkout_service INFO calling inventory_service
1984-01-10T09:46:52 checkout_service INFO calling cart_service
2010-08-15T18:03:06 checkout_service INFO calling payment_service
2024-07-11T08:54:23 checkout_service INFO calling inventory_service
1991-01-10T22:23:46 checkout_service INFO calling cart_service
2013-11-30T17:51:01 checkout_service INFO calling payment_service
1971-01-12T08:58:54 checkout_service INFO calling inventory_service
2022-12-27T11:52:54 checkout_service INFO calling cart_service
2021-05-28T00:17:46 checkout_service INFO calling payment_service
1997-03-07T06:26:31 checkout_service INFO calling inventory_service
2023-05-11T04:23:28 checkout_service WARN request to cart_service slower than threshold
1990-10-25T23:03:18 checkout_service INFO calling payment_service
2019-01-28T07:53:12 checkout_service INFO calling inventory_service
1980-02-06T12:37:33 checkout_service INFO calling cart_service
1985-02-14T07:26:53 checkout_service INFO calling payment_service
1995-05-06T13:26:25 checkout_service INFO calling inventory_service
2009-01-08T01:07:44 checkout_service INFO calling cart_service
2008-11-19T13:20:08 checkout_service INFO calling payment_service
1975-03-19T08:53:45 checkout_service INFO calling inventory_service
1984-08-10T10:11:05 checkout_service INFO calling cart_service
2024-03-09T08:54:55 checkout_service INFO calling payment_service
1984-10-26T17:35:46 checkout_service INFO calling inventory_service
2025-10-08T19:07:12 checkout_service INFO calling cart_service
2025-06-24T17:06:58 checkout_service INFO calling payment_service
1979-09-23T16:17:17 checkout_service INFO calling inventory_service
1982-08-21T21:22:18 checkout_service INFO calling cart_service
1985-09-30T13:38:13 checkout_service INFO calling payment_service
1978-03-15T22:38:38 checkout_service WARN request to inventory_service slower than threshold