1974-02-19T04:48:11 order_service WARN request to inventory_service slower than threshold
2016-11-29T17:46:28 order_service INFO calling shipping_service
1989-10-08T14:49:02 order_service INFO calling notification_service
1989-12-13T22:22:08 order_service INFO calling recommendation_service
2000-12-28T19:56:29 order_service INFO calling inventory_service
1997-07-25T01:47:02 order_service INFO calling shipping_service
1972-03-07T10:40:07 order_service INFO calling notification_service
1993-08-22T02:27:50 order_service INFO calling recommendation_service
1986-12-13T08:46:15 order_service INFO calling inventory_service
2007-01-09T16:24:09 order_service INFO calling shipping_service
2016-05-06T06:05:07 order_service INFO calling notification_service
2022-08-01T21:05:44 order_service INFO calling recommendation_service
1991-11-29T01:44:45 order_service INFO calling inventory_service
2006-02-05T20:10:57 order_service INFO calling shipping_service
2004-01-12T16:31:12 order_service INFO calling notification_service
2024-01-31T20:43:37 order_service INFO calling recommendation_service
1981-10-10T05:40:56 order_service INFO calling inventory_service
2008-08-22T15:23:57 order_service WARN request to shipping_service slower than threshold
1985-10-13T05:51:48 order_service INFO calling notification_service
1995-02-23T20:45:55 order_service INFO calling recommendation_service
1971-08-28T03:03:31 order_service INFO calling inventory_service
1988-05-21T14:14:40 order_service INFO calling shipping_service
2005-08-21T20:26:56 order_service INFO calling notification_service
2022-10-09T01:26:43 order_service INFO calling recommendation_service
2021-01-05T02:52:10 order_service INFO calling inventory_service
2019-12-16T12:11:21 order_service INFO calling shipping_service
1997-12-03T22:58:27 order_service INFO calling notification_service
2010-04-22T06:59:14 order_service INFO calling recommendation_service
2015-03-16T21:09:48 order_service INFO calling inventory_service
2002-05-15T23:28:53 order_service INFO calling shipping_service
2022-06-24T09:16:49 order_service INFO calling notification_service
1978-04-27T09:03:22 order_service INFO calling recommendation_service
1973-06-04T00:46:34 order_service INFO calling inventory_service
1995-11-06T21:18:50 order_service INFO calling shipping_service
1977-09-19T04:29:44 order_service WARN request to notification_service slower than threshold
1995-08-20T15:43:06 order_service INFO calling recommendation_service
2020-05-19T03:09:54 order_service INFO calling inventory_service
2014-11-01T22:03:12 order_service INFO calling shipping_service
2007-12-16T01:37:48 order_service INFO calling notification_service
1976-02-26T00:58:25 order_service INFO calling recommendation_service
2008-10-30T17:30:51 order_service INFO calling inventory_service
2011-06-09T12:01:15 order_service ERROR timeout detected while calling shipping_service
2013-04-08T06:21:22 order_service INFO calling notification_service
1976-06-02T21:06:40 order_service INFO calling recommendation_service
2014-06-26T21:11:38 order_service INFO calling inventory_service
2013-11-19T02:55:42 order_service INFO calling shipping_service
2008-03-30T03:53:13 order_service INFO calling notification_service
1981-10-05T14:10:48 order_service INFO calling recommendation_service
2013-05-08T23:06:06 order_service INFO calling inventory_service
1996-09-07T05:06:34 order_service INFO calling shipping_service
2014-04-21T01:54:32 order_service INFO calling notification_service
1997-11-26T21:06:42 order_service WARN request to recommendation_service slower than threshold
1977-11-22T12:37:30 order_service INFO calling inventory_service
1971-09-04T13:49:34 order_service INFO calling shipping_service
1991-08-28T23:28:35 order_service INFO calling notification_service
2022-08-31T13:06:29 order_service INFO calling recommendation_service
1991-08-23T16:08:49 order_service INFO calling inventory_service
2019-10-01T07:30:40 order_service INFO calling shipping_service
1990-05-14T00:39:40 order_service INFO calling notification_service
1972-05-14T17:05:20 order_service INFO calling recommendation_service
2011-10-07T14:01:24 order_service INFO calling inventory_service
2009-02-26T11:29:33 order_service INFO calling shipping_service
1982-08-24T13:57:18 order_service INFO calling notification_service
1991-02-11T20:24:43 order_service INFO calling recommendation_service
2013-07-31T05:07:35 order_service INFO calling inventory_service
1988-10-03T09:41:13 order_service INFO calling shipping_service
1972-10-03T00:06:13 order_service INFO calling notification_service
2006-11-23T00:19:30 order_service INFO calling recommendation_service
2002-02-28T17:33:19 order_service WARN request to inventory_service slower than threshold
1975-04-22T17:46:59 order_service INFO calling shipping_service
2001-06-01T01:45:08 order_service INFO calling notification_service
1987-10-29T00:16:50 order_service INFO calling recommendation_service
1979-08-08T20:41:42 order_service INFO calling inventory_service
1973-11-15T14:32:16 order_service INFO calling shipping_service
1988-02-16T02:02:46 order_service INFO calling notification_service
2018-09-07T07:47:39 order_service INFO calling recommendation_service
2016-06-17T08:35:58 order_service INFO calling inventory_service
1988-09-15T01:59:32 order_service INFO calling shipping_service
1975-05-22T15:43:53 order_service INFO calling notification_service
2016-12-28T13:39:16 order_service INFO calling recommendation_service
1995-04-20T16:00:26 order_service INFO calling inventory_service
2011-05-17T00:55:29 order_service INFO calling shipping_service
2011-01-24T11:38:39 order_service ERROR timeout detected while calling notification_service
2008-04-23T21:38:50 order_service INFO calling recommendation_service
2022-05-07T13:44:10 order_service INFO calling inventory_service
1974-01-26T13:48:10 order_service WARN request to shipping_service slower than threshold
1976-02-13T05:19:56 order_service INFO calling notification_service
1995-12-04T11:50:18 order_service INFO calling recommendation_service
2003-08-14T16:50:35 order_service INFO calling inventory_service
2013-07-04T15:31:19 order_service INFO calling shipping_service
1985-11-22T01:46:35 order_service INFO calling notification_service
2020-07-07T21:39:36 order_service INFO calling recommendation_service
1994-08-24T10:12:14 order_service INFO calling inventory_service
1995-08-20T06:39:32 order_service INFO calling shipping_service
2024-07-13T15:38:08 order_service INFO calling notification_service
1992-06-12T13:10:29 order_service INFO calling recommendation_service
1977-10-27T03:34:35 order_service INFO calling inventory_service
1997-09-20T10:52:28 order_service INFO calling shipping_service
2021-10-29T08:33:29 order_service INFO calling notification_service
2012-06-29T03:23:25 order_service INFO calling recommendation_service
1976-05-13T08:56:34 order_service INFO calling inventory_service
2021-01-09T11:40:56 order_service INFO calling shipping_service
1981-11-28T02:54:09 order_service WARN request to notification_service slower than threshold
1990-08-15T18:06:19 order_service INFO calling recommendation_service
2015-06-16T23:36:50 order_service INFO calling inventory_service
1976-12-05T13:53:46 order_service INFO calling shipping_service
2005-04-21T21:23:22 order_service INFO calling notification_service
2005-06-03T23:58:04 order_service INFO calling recommendation_service
2026-02-08T11:45:44 order_service INFO calling inventory_service
1975-06-17T20:35:19 order_service INFO calling shipping_service
1988-04-10T13:22:40 order_service INFO calling notification_service
2024-11-04T14:13:38 order_service INFO calling recommendation_service
1993-12-08T15:00:14 order_service INFO calling inventory_service
2010-08-03T02:01:40 order_service INFO calling shipping_service
1992-04-28T19:03:54 order_service INFO calling notification_service
1994-08-28T11:00:34 order_service INFO calling recommendation_service
2012-04-06T15:32:09 order_service INFO calling inventory_service
1973-08-02T07:23:21 order_service INFO calling shipping_service
2012-06-18T15:57:14 order_service INFO calling notification_service
2018-05-15T06:48:29 order_service WARN request to recommendation_service slower than threshold