1996-04-02T16:22:11 payment_service WARN request to order_service slower than threshold
2014-01-18T19:28:12 payment_service INFO calling order_service
2012-12-25T09:33:06 payment_service INFO calling order_service
1982-08-10T16:40:40 payment_service INFO calling order_service
2010-02-28T12:47:19 payment_service INFO calling order_service
1970-06-25T07:14:57 payment_service INFO calling order_service
1988-06-06T04:48:46 payment_service INFO calling order_service
1993-02-24T03:00:36 payment_service INFO calling order_service
2012-04-03T14:11:12 payment_service INFO calling order_service
2025-09-06T10:43:44 payment_service INFO calling order_service
1972-03-18T14:48:58 payment_service INFO calling order_service
2004-10-11T12:54:53 payment_service INFO calling order_service
1970-02-01T03:47:56 payment_service INFO calling order_service
2015-12-27T18:33:13 payment_service INFO calling order_service
1983-06-13T19:39:56 payment_service INFO calling order_service
1988-03-11T13:39:02 payment_service INFO calling order_service
1990-01-01T01:55:49 payment_service INFO calling order_service
1976-09-11T22:43:09 payment_service WARN request to order_service slower than threshold
1993-06-11T05:06:18 payment_service INFO calling order_service
1990-09-27T17:47:50 payment_service INFO calling order_service
1979-10-30T08:22:20 payment_service INFO calling order_service
1970-05-22T04:20:06 payment_service INFO calling order_service
1978-06-13T14:49:05 payment_service INFO calling order_service
1992-03-29T00:07:28 payment_service INFO calling order_service
1997-05-10T10:47:36 payment_service INFO calling order_service
2003-04-26T21:11:21 payment_service INFO calling order_service
2023-12-26T12:48:38 payment_service INFO calling order_service
1992-08-19T06:26:28 payment_service INFO calling order_service
2014-01-12T13:47:52 payment_service INFO calling order_service
1978-08-02T04:12:50 payment_service INFO calling order_service
2022-05-21T19:53:33 payment_service INFO calling order_service
1989-05-02T16:15:35 payment_service INFO calling order_service
2022-09-06T10:16:35 payment_service INFO calling order_service
2014-08-10T02:45:54 payment_service INFO calling order_service
1972-02-25T04:38:30 payment_service WARN request to order_service slower than threshold
1974-03-31T04:57:08 payment_service INFO calling order_service
2006-10-31T03:28:13 payment_service INFO calling order_service
1971-05-22T15:28:24 payment_service INFO calling order_service
1970-12-11T13:34:58 payment_service INFO calling order_service
2021-11-10T12:08:03 payment_service INFO calling order_service
2009-08-17T21:06:16 payment_service INFO calling order_service
1978-04-11T13:11:02 payment_service ERROR timeout detected while calling order_service
2007-07-09T04:03:44 payment_service INFO calling order_service
2007-12-30T07:42:59 payment_service INFO calling order_service
2025-07-23T08:00:45 payment_service INFO calling order_service
2015-09-10T18:08:18 payment_service INFO calling order_service
2004-04-22T11:28:31 payment_service INFO calling order_service
1984-07-02T03:52:47 payment_service INFO calling order_service
1996-01-14T22:10:25 payment_service INFO calling order_service
1995-10-21T11:18:36 payment_service INFO calling order_service
2009-07-03T05:05:54 payment_service INFO calling order_service
2022-07-25T18:03:04 payment_service WARN request to order_service slower than threshold
2002-08-01T03:37:48 payment_service INFO calling order_service
1993-09-22T14:57:26 payment_service INFO calling order_service
1976-11-16T01:08:36 payment_service INFO calling order_service
2012-12-17T05:46:26 payment_service INFO calling order_service
1978-05-26T17:42:25 payment_service INFO calling order_service
2014-03-21T13:42:12 payment_service INFO calling order_service
1987-08-24T11:16:56 payment_service INFO calling order_service
2020-01-15T16:13:07 payment_service INFO calling order_service
1992-06-20T12:55:30 payment_service INFO calling order_service
1988-01-26T03:28:06 payment_service INFO calling order_service
2019-11-12T09:31:30 payment_service INFO calling order_service
2018-12-18T03:05:06 payment_service INFO calling order_service
1986-11-27T06:48:01 payment_service INFO calling order_service
1972-12-07T22:51:27 payment_service INFO calling order_service
2010-05-10T21:06:11 payment_service INFO calling order_service
2015-05-07T18:04:54 payment_service INFO calling order_service
1977-08-29T12:18:49 payment_service WARN request to order_service slower than threshold
2002-01-22T02:30:34 payment_service INFO calling order_service
2000-12-15T19:58:31 payment_service INFO calling order_service
2024-08-05T10:41:28 payment_service INFO calling order_service
2009-06-25T17:48:22 payment_service INFO calling order_service
1994-12-01T22:39:50 payment_service INFO calling order_service
2016-11-19T23:23:54 payment_service INFO calling order_service
2004-10-28T05:05:40 payment_service INFO calling order_service
1974-01-22T17:06:49 payment_service INFO calling order_service
2012-09-07T15:08:33 payment_service INFO calling order_service
1972-06-03T07:27:21 payment_service INFO calling order_service
1998-01-17T08:57:04 payment_service INFO calling order_service
1976-06-18T09:32:30 payment_service INFO calling order_service
2010-03-19T21:30:08 payment_service INFO calling order_service
1979-09-21T06:56:43 payment_service ERROR timeout detected while calling order_service
2007-04-18T04:01:43 payment_service INFO calling order_service
2013-10-11T21:21:30 payment_service INFO calling order_service
2020-01-08T09:55:04 payment_service WARN request to order_service slower than threshold
2015-08-06T09:00:32 payment_service INFO calling order_service
1972-05-14T20:21:34 payment_service INFO calling order_service
2004-03-28T02:13:34 payment_service INFO calling order_service
1971-05-09T13:05:51 payment_service INFO calling order_service
1971-08-25T15:13:52 payment_service INFO calling order_service
2023-04-21T21:57:58 payment_service INFO calling order_service
1993-08-17T05:28:50 payment_service INFO calling order_service
1992-12-22T03:55:06 payment_service INFO calling order_service
1991-03-26T00:26:20 payment_service INFO calling order_service
1988-12-07T19:10:23 payment_service INFO calling order_service
1973-07-01T01:03:31 payment_service INFO calling order_service
2024-08-31T19:00:49 payment_service INFO calling order_service
1975-04-18T21:59:06 payment_service INFO calling order_service
1982-04-14T04:37:14 payment_service INFO calling order_service
1996-05-12T17:20:28 payment_service INFO calling order_service
1980-05-24T16:52:12 payment_service INFO calling order_service
1981-12-12T05:27:30 payment_service WARN request to order_service slower than threshold
1978-07-01T02:37:19 payment_service INFO calling order_service
1994-04-03T13:20:34 payment_service INFO calling order_service
2025-10-18T22:24:34 payment_service INFO calling order_service
2019-12-26T21:21:42 payment_service INFO calling order_service
1970-04-09T01:05:21 payment_service INFO calling order_service
1997-04-10T21:30:11 payment_service INFO calling order_service
2018-01-08T02:10:05 payment_service INFO calling order_service
1985-11-15T22:44:45 payment_service INFO calling order_service
1995-04-07T06:02:03 payment_service INFO calling order_service
2019-06-02T04:36:18 payment_service INFO calling order_service
2011-09-18T14:47:36 payment_service INFO calling order_service
1996-03-10T03:01:28 payment_service INFO calling order_service
2005-11-08T00:27:19 payment_service INFO calling order_service
2010-09-10T15:31:07 payment_service INFO calling order_service
1995-04-13T20:37:17 payment_service INFO calling order_service
1984-10-03T05:02:17 payment_service INFO calling order_service
1989-09-18T17:34:17 payment_service WARN request to order_service slower than threshold
2001-05-04T01:04:34 payment_service INFO calling fraud-service
1993-04-19T22:34:01 payment_service INFO calling ledger-service