2022-04-08T07:52:49 admin_portal WARN request to analytics_service slower than threshold
1993-04-12T12:55:00 admin_portal INFO calling shipment_service
1970-05-13T14:51:08 admin_portal INFO calling billing_service
2025-04-13T20:26:22 admin_portal INFO calling analytics_service
2007-09-28T05:00:38 admin_portal INFO calling shipment_service
1972-07-08T02:55:19 admin_portal INFO calling billing_service
1972-12-21T01:23:31 admin_portal INFO calling analytics_service
1983-07-21T19:06:55 admin_portal INFO calling shipment_service
2011-03-20T16:51:14 admin_portal INFO calling billing_service
2007-11-02T05:36:57 admin_portal INFO calling analytics_service
1995-04-05T01:12:20 admin_portal INFO calling shipment_service
1982-03-20T18:06:11 admin_portal INFO calling billing_service
2022-07-08T17:42:53 admin_portal INFO calling analytics_service
2001-12-18T14:22:19 admin_portal INFO calling shipment_service
1988-12-13T20:57:33 admin_portal INFO calling billing_service
2006-07-08T14:55:55 admin_portal INFO calling analytics_service
2006-01-18T05:16:17 admin_portal INFO calling shipment_service
2016-08-16T05:23:17 admin_portal WARN request to billing_service slower than threshold
1976-05-04T13:43:00 admin_portal INFO calling analytics_service
1972-09-09T20:19:54 admin_portal INFO calling shipment_service
1976-12-04T07:59:08 admin_portal INFO calling billing_service
1999-10-05T03:07:30 admin_portal INFO calling analytics_service
1985-04-11T15:30:32 admin_portal INFO calling shipment_service
2018-07-24T13:42:28 admin_portal INFO calling billing_service
2025-09-25T23:27:07 admin_portal INFO calling analytics_service
1992-08-20T14:22:33 admin_portal INFO calling shipment_service
1995-11-07T13:15:21 admin_portal INFO calling billing_service
2019-10-08T08:24:46 admin_portal INFO calling analytics_service
1980-05-31T13:44:04 admin_portal INFO calling shipment_service
1984-04-11T20:05:01 admin_portal INFO calling billing_service
2012-09-19T06:48:13 admin_portal INFO calling analytics_service
1974-10-28T04:48:21 admin_portal INFO calling shipment_service
1970-03-24T20:02:17 admin_portal INFO calling billing_service
2006-12-23T19:57:07 admin_portal INFO calling analytics_service
1998-10-14T16:12:01 admin_portal WARN request to shipment_service slower than threshold
1974-12-16T23:36:07 admin_portal INFO calling billing_service
1975-07-23T00:54:10 admin_portal INFO calling analytics_service
2004-05-16T23:55:14 admin_portal INFO calling shipment_service
2016-02-21T22:47:19 admin_portal INFO calling billing_service
1998-04-17T17:27:42 admin_portal INFO calling analytics_service
2010-06-23T13:12:30 admin_portal INFO calling shipment_service
1982-03-19T05:16:58 admin_portal ERROR timeout detected while calling billing_service
2000-08-12T15:57:51 admin_portal INFO calling analytics_service
2024-01-12T04:15:46 admin_portal INFO calling shipment_service
2007-09-11T20:52:10 admin_portal INFO calling billing_service
1999-03-04T22:57:01 admin_portal INFO calling analytics_service
1995-03-13T17:01:34 admin_portal INFO calling shipment_service
2011-07-28T17:06:23 admin_portal INFO calling billing_service
1982-01-16T01:14:02 admin_portal INFO calling analytics_service
2005-08-20T05:06:50 admin_portal INFO calling shipment_service
2001-08-30T23:55:26 admin_portal INFO calling billing_service
1994-02-16T16:23:47 admin_portal WARN request to analytics_service slower than threshold
2024-02-12T16:56:58 admin_portal INFO calling shipment_service
2015-05-28T22:31:38 admin_portal INFO calling billing_service
2012-02-01T20:34:03 admin_portal INFO calling analytics_service
1972-06-27T09:24:00 admin_portal INFO calling shipment_service
2022-04-17T20:44:57 admin_portal INFO calling billing_service
1975-12-06T00:11:25 admin_portal INFO calling analytics_service
1999-12-12T23:35:03 admin_portal INFO calling shipment_service
2001-02-21T07:04:53 admin_portal INFO calling billing_service
1986-07-22T16:43:26 admin_portal INFO calling analytics_service
1996-09-18T20:38:39 admin_portal INFO calling shipment_service
2019-02-17T04:18:19 admin_portal INFO calling billing_service
2013-05-15T19:51:21 admin_portal INFO calling analytics_service
2026-02-02T17:06:25 admin_portal INFO calling shipment_service
2014-08-04T18:34:43 admin_portal INFO calling billing_service
2022-11-03T13:06:28 admin_portal INFO calling analytics_service
2011-10-25T04:49:21 admin_portal INFO calling shipment_service
1970-02-08T19:53:38 admin_portal WARN request to billing_service slower than threshold
2011-03-03T17:39:48 admin_portal INFO calling analytics_service
1994-08-07T02:46:36 admin_portal INFO calling shipment_service
1993-03-28T22:36:13 admin_portal INFO calling billing_service
2010-12-15T12:46:04 admin_portal INFO calling analytics_service
1977-09-11T23:04:17 admin_portal INFO calling shipment_service
1980-09-14T17:21:38 admin_portal INFO calling billing_service
1999-03-22T20:01:17 admin_portal INFO calling analytics_service
1977-08-26T04:48:59 admin_portal INFO calling shipment_service
2012-05-24T22:15:36 admin_portal INFO calling billing_service
1976-09-01T21:54:46 admin_portal INFO calling analytics_service
2004-10-08T01:29:17 admin_portal INFO calling shipment_service
1995-05-28T11:12:26 admin_portal INFO calling billing_service
1997-02-22T19:28:10 admin_portal INFO calling analytics_service
2001-08-17T08:42:32 admin_portal ERROR timeout detected while calling shipment_service
1978-11-30T22:10:22 admin_portal INFO calling billing_service
2010-02-23T12:46:56 admin_portal INFO calling analytics_service
1997-12-06T13:52:28 admin_portal WARN request to shipment_service slower than threshold
1978-04-19T03:59:45 admin_portal INFO calling billing_service
2021-07-26T08:33:14 admin_portal INFO calling analytics_service
2024-03-31T14:10:48 admin_portal INFO calling shipment_service
2006-01-11T12:20:38 admin_portal INFO calling billing_service
2018-02-04T11:06:06 admin_portal INFO calling analytics_service
1974-07-12T21:32:58 admin_portal INFO calling shipment_service
2001-08-10T17:58:12 admin_portal INFO calling billing_service
1975-06-22T15:43:23 admin_portal INFO calling analytics_service
1977-10-31T23:17:42 admin_portal INFO calling shipment_service
1981-10-28T20:31:32 admin_portal INFO calling billing_service
1998-12-17T18:50:28 admin_portal INFO calling analytics_service
2014-12-04T13:11:27 admin_portal INFO calling shipment_service
1973-10-16T14:22:05 admin_portal INFO calling billing_service
1980-05-03T12:35:18 admin_portal INFO calling analytics_service
1992-01-13T14:38:14 admin_portal INFO calling shipment_service
2021-03-08T07:59:22 admin_portal INFO calling billing_service
2010-05-06T19:44:43 admin_portal WARN request to analytics_service slower than threshold
1974-08-30T08:14:03 admin_portal INFO calling shipment_service
1981-11-13T07:32:52 admin_portal INFO calling billing_service
1982-12-28T10:00:25 admin_portal INFO calling analytics_service
1985-01-31T21:41:27 admin_portal INFO calling shipment_service
2012-06-01T22:50:13 admin_portal INFO calling billing_service
2023-07-21T13:46:13 admin_portal INFO calling analytics_service
2011-07-05T13:34:08 admin_portal INFO calling shipment_service
2025-11-17T00:55:49 admin_portal INFO calling billing_service
2006-11-28T11:50:46 admin_portal INFO calling analytics_service
2003-03-07T20:16:45 admin_portal INFO calling shipment_service
2013-02-15T08:44:04 admin_portal INFO calling billing_service
1979-02-26T09:32:58 admin_portal INFO calling analytics_service
1971-06-04T21:49:34 admin_portal INFO calling shipment_service
1989-05-28T19:32:55 admin_portal INFO calling billing_service
2026-02-21T01:54:17 admin_portal INFO calling analytics_service
2010-07-13T13:50:07 admin_portal INFO calling shipment_service
2006-08-09T08:45:10 admin_portal WARN request to billing_service slower than threshold