1985-10-02T04:12:37 api_gateway WARN request to auth_service slower than threshold
2020-10-18T14:04:04 api_gateway INFO calling shipment_service
1995-06-20T19:42:02 api_gateway INFO calling tracking_service
2008-02-18T01:12:46 api_gateway INFO calling auth_service
2004-02-10T23:26:25 api_gateway INFO calling shipment_service
1983-03-24T16:16:40 api_gateway INFO calling tracking_service
2012-10-19T19:48:41 api_gateway INFO calling auth_service
2010-02-13T03:32:28 api_gateway INFO calling shipment_service
2009-12-28T16:43:43 api_gateway INFO calling tracking_service
1988-08-20T20:20:25 api_gateway INFO calling auth_service
1983-10-27T15:21:18 api_gateway INFO calling shipment_service
2019-03-20T18:22:18 api_gateway INFO calling tracking_service
1997-06-20T12:13:31 api_gateway INFO calling auth_service
1986-07-25T05:17:03 api_gateway INFO calling shipment_service
1976-06-11T06:10:43 api_gateway INFO calling tracking_service
1985-05-15T02:08:00 api_gateway INFO calling auth_service
2011-01-03T16:45:27 api_gateway INFO calling shipment_service
2005-05-25T02:40:39 api_gateway WARN request to tracking_service slower than threshold
1989-09-25T02:22:05 api_gateway INFO calling auth_service
1985-04-22T21:22:47 api_gateway INFO calling shipment_service
1984-12-12T19:21:28 api_gateway INFO calling tracking_service
1975-01-28T02:58:53 api_gateway INFO calling auth_service
2025-06-25T01:16:07 api_gateway INFO calling shipment_service
2019-12-24T11:14:01 api_gateway INFO calling tracking_service
2010-08-30T08:53:41 api_gateway INFO calling auth_service
1977-12-07T00:37:31 api_gateway INFO calling shipment_service
1976-12-27T19:07:54 api_gateway INFO calling tracking_service
1975-08-21T08:46:34 api_gateway INFO calling auth_service
1998-08-27T07:32:44 api_gateway INFO calling shipment_service
2020-02-29T20:04:12 api_gateway INFO calling tracking_service
1983-12-20T14:45:25 api_gateway INFO calling auth_service
1979-12-30T22:51:27 api_gateway INFO calling shipment_service
2019-12-04T16:47:46 api_gateway INFO calling tracking_service
2012-07-25T21:05:43 api_gateway INFO calling auth_service
2001-02-10T09:40:16 api_gateway WARN request to shipment_service slower than threshold
1974-04-06T09:22:02 api_gateway INFO calling tracking_service
2015-09-09T05:00:14 api_gateway INFO calling auth_service
1988-07-11T11:52:08 api_gateway INFO calling shipment_service
2016-09-19T20:01:43 api_gateway INFO calling tracking_service
2008-07-23T10:55:29 api_gateway INFO calling auth_service
2006-03-01T18:39:34 api_gateway INFO calling shipment_service
2008-10-31T20:10:08 api_gateway ERROR timeout detected while calling tracking_service
1970-01-02T03:40:35 api_gateway INFO calling auth_service
2014-03-20T18:10:19 api_gateway INFO calling shipment_service
2009-07-09T16:52:09 api_gateway INFO calling tracking_service
1998-06-11T06:39:43 api_gateway INFO calling auth_service
1972-03-18T21:34:54 api_gateway INFO calling shipment_service
1989-03-12T00:19:53 api_gateway INFO calling tracking_service
2024-12-21T18:09:25 api_gateway INFO calling auth_service
1998-04-14T16:02:03 api_gateway INFO calling shipment_service
1971-12-15T14:10:06 api_gateway INFO calling tracking_service
2014-05-03T21:21:09 api_gateway WARN request to auth_service slower than threshold
1983-07-30T19:13:58 api_gateway INFO calling shipment_service
1983-08-04T18:44:40 api_gateway INFO calling tracking_service
2004-09-07T01:38:29 api_gateway INFO calling auth_service
2008-08-24T16:59:19 api_gateway INFO calling shipment_service
2020-10-19T23:31:18 api_gateway INFO calling tracking_service
1993-09-25T13:14:35 api_gateway INFO calling auth_service
1978-08-20T02:43:34 api_gateway INFO calling shipment_service
1975-05-17T22:15:32 api_gateway INFO calling tracking_service
1983-05-09T23:50:39 api_gateway INFO calling auth_service
1986-02-20T02:03:51 api_gateway INFO calling shipment_service
1980-04-27T02:22:00 api_gateway INFO calling tracking_service
2003-01-07T17:25:26 api_gateway INFO calling auth_service
1987-08-24T04:18:27 api_gateway INFO calling shipment_service
2014-05-13T20:30:39 api_gateway INFO calling tracking_service
2025-02-20T14:32:25 api_gateway INFO calling auth_service
2019-01-16T01:55:39 api_gateway INFO calling shipment_service
2003-02-09T11:39:04 api_gateway WARN request to tracking_service slower than threshold
1973-11-20T22:56:57 api_gateway INFO calling auth_service
1988-08-08T15:41:32 api_gateway INFO calling shipment_service
1993-11-30T18:36:50 api_gateway INFO calling tracking_service
2016-12-24T21:57:27 api_gateway INFO calling auth_service
1972-09-10T19:19:04 api_gateway INFO calling shipment_service
2008-07-02T05:04:47 api_gateway INFO calling tracking_service
1978-03-13T08:53:08 api_gateway INFO calling auth_service
2006-06-17T10:57:47 api_gateway INFO calling shipment_service
2025-08-02T12:19:00 api_gateway INFO calling tracking_service
2003-02-03T07:41:19 api_gateway INFO calling auth_service
1970-11-21T19:53:21 api_gateway INFO calling shipment_service
2022-12-04T10:07:01 api_gateway INFO calling tracking_service
1981-12-27T08:12:44 api_gateway INFO calling auth_service
2006-03-06T02:30:33 api_gateway ERROR timeout detected while calling shipment_service
2019-07-11T18:53:57 api_gateway INFO calling tracking_service
1978-03-22T15:56:35 api_gateway INFO calling auth_service
2010-08-22T19:24:51 api_gateway WARN request to shipment_service slower than threshold
2024-06-29T16:50:45 api_gateway INFO calling tracking_service
2000-04-27T13:22:06 api_gateway INFO calling auth_service
2017-10-30T12:28:34 api_gateway INFO calling shipment_service
2001-04-14T12:26:13 api_gateway INFO calling tracking_service
2015-07-01T22:40:09 api_gateway INFO calling auth_service
1987-08-27T00:22:48 api_gateway INFO calling shipment_service
1972-03-26T02:17:08 api_gateway INFO calling tracking_service
1995-10-30T00:41:57 api_gateway INFO calling auth_service
1993-02-16T07:53:13 api_gateway INFO calling shipment_service
1975-08-21T19:38:34 api_gateway INFO calling tracking_service
2007-04-23T14:31:30 api_gateway INFO calling auth_service
2000-11-02T20:50:45 api_gateway INFO calling shipment_service
2017-12-22T11:21:15 api_gateway INFO calling tracking_service
1993-05-10T17:01:25 api_gateway INFO calling auth_service
1975-01-17T23:55:41 api_gateway INFO calling shipment_service
1977-06-11T22:25:10 api_gateway INFO calling tracking_service
1994-01-13T21:04:46 api_gateway WARN request to auth_service slower than threshold
2017-02-21T05:52:30 api_gateway INFO calling shipment_service
1999-10-05T02:05:16 api_gateway INFO calling tracking_service
2018-07-03T08:08:40 api_gateway INFO calling auth_service
1973-06-29T09:18:18 api_gateway INFO calling shipment_service
1973-05-07T06:37:23 api_gateway INFO calling tracking_service
1993-11-04T13:21:39 api_gateway INFO calling auth_service
1991-10-18T08:03:21 api_gateway INFO calling shipment_service
2003-04-11T12:42:25 api_gateway INFO calling tracking_service
2002-01-06T16:00:19 api_gateway INFO calling auth_service
1974-07-17T00:57:44 api_gateway INFO calling shipment_service
2011-12-02T17:05:42 api_gateway INFO calling tracking_service
2004-02-15T08:03:17 api_gateway INFO calling auth_service
1992-03-09T12:41:21 api_gateway INFO calling shipment_service
1997-01-11T09:01:39 api_gateway INFO calling tracking_service
1995-02-16T09:57:33 api_gateway INFO calling auth_service
1980-07-15T08:58:43 api_gateway INFO calling shipment_service
1980-11-24T09:59:42 api_gateway WARN request to tracking_service slower than threshold