1975-09-15T04:16:15 route_planning_service WARN request to fleet_management_service slower than threshold
2007-04-14T07:47:51 route_planning_service INFO calling analytics_service
1986-10-25T01:28:53 route_planning_service INFO calling fleet_management_service
2000-09-24T20:51:07 route_planning_service INFO calling analytics_service
1985-05-14T07:57:42 route_planning_service INFO calling fleet_management_service
2010-11-26T20:32:36 route_planning_service INFO calling analytics_service
2010-07-22T18:35:06 route_planning_service INFO calling fleet_management_service
2011-12-23T17:04:04 route_planning_service INFO calling analytics_service
2014-03-12T14:45:48 route_planning_service INFO calling fleet_management_service
2001-07-05T03:38:13 route_planning_service INFO calling analytics_service
1970-10-18T05:15:44 route_planning_service INFO calling fleet_management_service
1979-10-17T07:41:17 route_planning_service INFO calling analytics_service
2019-09-22T13:02:52 route_planning_service INFO calling fleet_management_service
2017-02-14T09:48:53 route_planning_service INFO calling analytics_service
1972-06-30T05:38:17 route_planning_service INFO calling fleet_management_service
1973-07-11T23:56:21 route_planning_service INFO calling analytics_service
1991-03-08T08:24:39 route_planning_service INFO calling fleet_management_service
2021-06-19T04:24:39 route_planning_service WARN request to analytics_service slower than threshold
1995-06-07T14:42:32 route_planning_service INFO calling fleet_management_service
1993-04-13T18:06:35 route_planning_service INFO calling analytics_service
2023-05-30T00:49:27 route_planning_service INFO calling fleet_management_service
1972-10-14T12:38:47 route_planning_service INFO calling analytics_service
2023-10-28T15:34:27 route_planning_service INFO calling fleet_management_service
1987-04-02T12:08:23 route_planning_service INFO calling analytics_service
1987-12-21T04:08:55 route_planning_service INFO calling fleet_management_service
1986-02-17T09:58:40 route_planning_service INFO calling analytics_service
1976-05-11T02:04:14 route_planning_service INFO calling fleet_management_service
1974-07-17T07:06:29 route_planning_service INFO calling analytics_service
2005-11-15T08:29:00 route_planning_service INFO calling fleet_management_service
2019-02-25T03:19:07 route_planning_service INFO calling analytics_service
1990-01-02T00:55:19 route_planning_service INFO calling fleet_management_service
1992-10-02T21:18:55 route_planning_service INFO calling analytics_service
1984-04-07T12:37:21 route_planning_service INFO calling fleet_management_service
2005-06-28T21:20:59 route_planning_service INFO calling analytics_service
2022-04-28T23:07:08 route_planning_service WARN request to fleet_management_service slower than threshold
2018-06-21T16:06:24 route_planning_service INFO calling analytics_service
2012-04-22T16:58:41 route_planning_service INFO calling fleet_management_service
1983-09-19T08:40:25 route_planning_service INFO calling analytics_service
1995-07-10T00:27:18 route_planning_service INFO calling fleet_management_service
2024-02-08T20:06:08 route_planning_service INFO calling analytics_service
2012-06-09T14:06:42 route_planning_service INFO calling fleet_management_service
1970-09-25T01:13:16 route_planning_service ERROR timeout detected while calling analytics_service
2010-10-02T04:36:15 route_planning_service INFO calling fleet_management_service
1988-04-13T20:40:07 route_planning_service INFO calling analytics_service
1980-10-03T23:03:22 route_planning_service INFO calling fleet_management_service
1990-08-07T05:01:28 route_planning_service INFO calling analytics_service
2001-09-18T14:47:50 route_planning_service INFO calling fleet_management_service
2012-12-16T10:23:23 route_planning_service INFO calling analytics_service
2023-05-04T11:13:25 route_planning_service INFO calling fleet_management_service
2003-10-20T07:57:48 route_planning_service INFO calling analytics_service
1983-03-31T18:18:05 route_planning_service INFO calling fleet_management_service
2011-10-17T16:36:16 route_planning_service WARN request to analytics_service slower than threshold
2002-08-31T14:46:21 route_planning_service INFO calling fleet_management_service
1984-09-19T07:09:53 route_planning_service INFO calling analytics_service
1993-10-20T01:57:28 route_planning_service INFO calling fleet_management_service
2024-12-20T06:02:09 route_planning_service INFO calling analytics_service
1981-11-11T17:25:46 route_planning_service INFO calling fleet_management_service
1974-09-23T09:57:27 route_planning_service INFO calling analytics_service
2008-01-21T06:51:24 route_planning_service INFO calling fleet_management_service
1974-03-10T15:19:59 route_planning_service INFO calling analytics_service
2008-05-12T13:25:54 route_planning_service INFO calling fleet_management_service
2020-08-14T09:59:30 route_planning_service INFO calling analytics_service
2005-04-27T22:27:12 route_planning_service INFO calling fleet_management_service
1985-09-26T18:16:44 route_planning_service INFO calling analytics_service
2010-06-19T07:18:39 route_planning_service INFO calling fleet_management_service
1976-08-21T08:02:05 route_planning_service INFO calling analytics_service
2007-06-25T01:28:19 route_planning_service INFO calling fleet_management_service
2010-10-27T12:57:07 route_planning_service INFO calling analytics_service
1984-01-07T07:04:35 route_planning_service WARN request to fleet_management_service slower than threshold
2016-09-05T14:43:13 route_planning_service INFO calling analytics_service
1971-12-14T16:44:11 route_planning_service INFO calling fleet_management_service
1973-04-24T10:50:43 route_planning_service INFO calling analytics_service
1992-03-09T23:39:08 route_planning_service INFO calling fleet_management_service
1978-12-02T12:29:19 route_planning_service INFO calling analytics_service
1978-02-22T05:02:06 route_planning_service INFO calling fleet_management_service
1974-05-28T02:20:40 route_planning_service INFO calling analytics_service
2017-08-27T05:13:50 route_planning_service INFO calling fleet_management_service
1976-09-02T09:37:27 route_planning_service INFO calling analytics_service
2003-10-13T19:31:07 route_planning_service INFO calling fleet_management_service
2016-08-06T19:51:56 route_planning_service INFO calling analytics_service
1984-01-19T11:33:55 route_planning_service INFO calling fleet_management_service
2002-11-25T09:35:13 route_planning_service INFO calling analytics_service
1980-01-06T11:35:11 route_planning_service ERROR timeout detected while calling fleet_management_service
1981-02-07T03:55:17 route_planning_service INFO calling analytics_service
2010-06-24T06:43:47 route_planning_service INFO calling fleet_management_service
2013-04-26T02:54:44 route_planning_service WARN request to analytics_service slower than threshold
1980-07-15T12:37:28 route_planning_service INFO calling fleet_management_service
1997-08-16T04:00:55 route_planning_service INFO calling analytics_service
1993-12-30T11:32:30 route_planning_service INFO calling fleet_management_service
1981-10-21T14:48:17 route_planning_service INFO calling analytics_service
1993-10-18T09:07:40 route_planning_service INFO calling fleet_management_service
1987-02-20T10:33:19 route_planning_service INFO calling analytics_service
1974-08-16T05:55:33 route_planning_service INFO calling fleet_management_service
1985-01-23T08:05:36 route_planning_service INFO calling analytics_service
1992-05-31T16:45:39 route_planning_service INFO calling fleet_management_service
1987-12-10T01:19:16 route_planning_service INFO calling analytics_service
1997-02-03T19:15:05 route_planning_service INFO calling fleet_management_service
2021-02-18T15:48:23 route_planning_service INFO calling analytics_service
2020-01-31T13:05:42 route_planning_service INFO calling fleet_management_service
1983-07-24T11:21:59 route_planning_service INFO calling analytics_service
1989-02-03T21:53:13 route_planning_service INFO calling fleet_management_service
1983-12-11T10:44:02 route_planning_service INFO calling analytics_service
1976-09-25T06:08:11 route_planning_service WARN request to fleet_management_service slower than threshold
1993-08-02T11:07:45 route_planning_service INFO calling analytics_service
1974-03-01T22:24:45 route_planning_service INFO calling fleet_management_service
1981-11-27T09:56:38 route_planning_service INFO calling analytics_service
2010-06-13T20:17:44 route_planning_service INFO calling fleet_management_service
1991-02-10T06:45:18 route_planning_service INFO calling analytics_service
1988-07-02T04:55:06 route_planning_service INFO calling fleet_management_service
1999-07-23T14:03:25 route_planning_service INFO calling analytics_service
1973-08-16T08:21:58 route_planning_service INFO calling fleet_management_service
1994-06-14T20:27:54 route_planning_service INFO calling analytics_service
1993-09-27T09:12:04 route_planning_service INFO calling fleet_management_service
1996-02-04T09:33:02 route_planning_service INFO calling analytics_service
1982-12-17T14:49:10 route_planning_service INFO calling fleet_management_service
2018-06-20T00:25:25 route_planning_service INFO calling analytics_service
1971-06-08T23:45:39 route_planning_service INFO calling fleet_management_service
2009-11-14T06:57:05 route_planning_service INFO calling analytics_service
2010-03-11T21:53:00 route_planning_service INFO calling fleet_management_service
2002-05-03T00:36:53 route_planning_service WARN request to analytics_service slower than threshold