1981-01-24T21:20:39 shipment_service WARN request to route_planning_service slower than threshold
1988-02-06T12:23:57 shipment_service INFO calling tracking_service
1999-11-09T18:46:41 shipment_service INFO calling billing_service
1986-11-13T13:26:38 shipment_service INFO calling warehouse_service
1993-10-22T15:18:14 shipment_service INFO calling route_planning_service
1970-05-14T21:25:40 shipment_service INFO calling tracking_service
2021-10-05T00:44:12 shipment_service INFO calling billing_service
1985-09-27T11:34:45 shipment_service INFO calling warehouse_service
2001-05-13T00:31:49 shipment_service INFO calling route_planning_service
1973-10-25T08:02:54 shipment_service INFO calling tracking_service
1990-12-29T10:14:41 shipment_service INFO calling billing_service
1987-09-03T18:30:24 shipment_service INFO calling warehouse_service
2021-01-04T09:41:29 shipment_service INFO calling route_planning_service
1978-03-15T22:56:24 shipment_service INFO calling tracking_service
1981-06-18T02:17:16 shipment_service INFO calling billing_service
1983-05-06T22:12:29 shipment_service INFO calling warehouse_service
2008-07-10T05:45:53 shipment_service INFO calling route_planning_service
2022-07-05T08:17:40 shipment_service WARN request to tracking_service slower than threshold
2019-04-08T18:35:24 shipment_service INFO calling billing_service
1972-10-05T10:18:59 shipment_service INFO calling warehouse_service
2011-05-24T22:01:27 shipment_service INFO calling route_planning_service
1995-11-28T18:21:59 shipment_service INFO calling tracking_service
1994-10-16T19:17:53 shipment_service INFO calling billing_service
2023-05-16T14:33:01 shipment_service INFO calling warehouse_service
2016-10-18T20:30:05 shipment_service INFO calling route_planning_service
2002-02-21T11:58:19 shipment_service INFO calling tracking_service
1994-07-15T15:54:19 shipment_service INFO calling billing_service
2023-10-13T09:34:49 shipment_service INFO calling warehouse_service
1986-10-11T12:53:21 shipment_service INFO calling route_planning_service
2005-06-23T18:29:46 shipment_service INFO calling tracking_service
2001-12-05T08:42:00 shipment_service INFO calling billing_service
1992-08-13T05:19:42 shipment_service INFO calling warehouse_service
2016-01-15T18:20:32 shipment_service INFO calling route_planning_service
2009-12-01T05:29:50 shipment_service INFO calling tracking_service
2024-10-06T04:25:25 shipment_service WARN request to billing_service slower than threshold
1998-02-27T12:16:47 shipment_service INFO calling warehouse_service
1985-05-18T09:42:30 shipment_service INFO calling route_planning_service
2005-07-06T14:33:07 shipment_service INFO calling tracking_service
2016-07-28T09:00:35 shipment_service INFO calling billing_service
1995-05-29T15:00:32 shipment_service INFO calling warehouse_service
1977-08-30T12:33:13 shipment_service INFO calling route_planning_service
1993-05-11T06:25:40 shipment_service ERROR timeout detected while calling tracking_service
1986-09-12T01:29:46 shipment_service INFO calling billing_service
2015-02-22T02:23:23 shipment_service INFO calling warehouse_service
2009-11-03T15:33:22 shipment_service INFO calling route_planning_service
1972-02-19T15:16:59 shipment_service INFO calling tracking_service
1989-02-15T18:45:33 shipment_service INFO calling billing_service
1978-08-22T16:47:14 shipment_service INFO calling warehouse_service
2011-01-22T23:50:27 shipment_service INFO calling route_planning_service
2015-04-14T20:28:49 shipment_service INFO calling tracking_service
1993-04-16T21:59:44 shipment_service INFO calling billing_service
2011-06-26T20:17:14 shipment_service WARN request to warehouse_service slower than threshold
2003-08-02T23:30:15 shipment_service INFO calling route_planning_service
1987-02-26T10:24:29 shipment_service INFO calling tracking_service
1971-10-11T19:32:45 shipment_service INFO calling billing_service
2002-02-22T05:19:26 shipment_service INFO calling warehouse_service
1998-09-02T17:09:23 shipment_service INFO calling route_planning_service
1970-01-17T07:27:58 shipment_service INFO calling tracking_service
2007-01-27T23:54:49 shipment_service INFO calling billing_service
2016-12-10T05:45:05 shipment_service INFO calling warehouse_service
2000-11-19T03:26:48 shipment_service INFO calling route_planning_service
2017-03-30T06:56:08 shipment_service INFO calling tracking_service
1994-06-21T00:14:06 shipment_service INFO calling billing_service
1992-07-01T00:43:41 shipment_service INFO calling warehouse_service
1970-06-21T19:35:30 shipment_service INFO calling route_planning_service
1984-09-12T14:12:17 shipment_service INFO calling tracking_service
2018-12-30T19:24:22 shipment_service INFO calling billing_service
1970-11-07T18:46:14 shipment_service INFO calling warehouse_service
2025-06-21T14:19:56 shipment_service WARN request to route_planning_service slower than threshold
1983-09-06T00:10:35 shipment_service INFO calling tracking_service
2000-11-09T11:13:19 shipment_service INFO calling billing_service
1997-10-03T20:10:56 shipment_service INFO calling warehouse_service
1987-04-28T22:09:20 shipment_service INFO calling route_planning_service
1974-08-09T14:02:59 shipment_service INFO calling tracking_service
2013-07-13T05:28:35 shipment_service INFO calling billing_service
1991-06-20T14:55:17 shipment_service INFO calling warehouse_service
1986-03-29T07:47:08 shipment_service INFO calling route_planning_service
1987-09-28T20:23:00 shipment_service INFO calling tracking_service
2003-08-07T05:31:20 shipment_service INFO calling billing_service
2014-09-29T02:17:52 shipment_service INFO calling warehouse_service
2020-01-16T02:02:21 shipment_service INFO calling route_planning_service
2010-03-08T16:28:07 shipment_service INFO calling tracking_service
2009-02-08T09:19:37 shipment_service ERROR timeout detected while calling billing_service
2000-10-14T19:41:20 shipment_service INFO calling warehouse_service
2002-03-27T19:52:53 shipment_service INFO calling route_planning_service
1984-04-28T11:33:19 shipment_service WARN request to tracking_service slower than threshold
2000-09-03T10:06:37 shipment_service INFO calling billing_service
1996-08-23T22:43:07 shipment_service INFO calling warehouse_service
2008-12-27T07:52:38 shipment_service INFO calling route_planning_service
1999-06-01T01:12:30 shipment_service INFO calling tracking_service
1985-12-30T08:04:06 shipment_service INFO calling billing_service
2010-03-19T23:26:21 shipment_service INFO calling warehouse_service
2015-09-09T03:00:24 shipment_service INFO calling route_planning_service
1978-12-22T18:22:40 shipment_service INFO calling tracking_service
2014-08-21T18:03:10 shipment_service INFO calling billing_service
2002-01-01T05:56:55 shipment_service INFO calling warehouse_service
2025-04-22T14:27:35 shipment_service INFO calling route_planning_service
2024-02-25T08:23:46 shipment_service INFO calling tracking_service
1978-11-06T23:59:01 shipment_service INFO calling billing_service
1985-03-17T14:22:56 shipment_service INFO calling warehouse_service
1987-06-29T20:08:12 shipment_service INFO calling route_planning_service
2005-02-25T15:31:18 shipment_service INFO calling tracking_service
1996-08-03T18:27:34 shipment_service WARN request to billing_service slower than threshold
2019-12-28T16:30:13 shipment_service INFO calling warehouse_service
1994-06-07T18:32:26 shipment_service INFO calling route_planning_service
1997-09-26T03:37:10 shipment_service INFO calling tracking_service
2001-01-04T14:40:16 shipment_service INFO calling billing_service
1998-05-22T11:05:36 shipment_service INFO calling warehouse_service
1973-05-09T09:31:11 shipment_service INFO calling route_planning_service
2004-01-27T03:11:54 shipment_service INFO calling tracking_service
1987-06-11T21:14:38 shipment_service INFO calling billing_service
1995-09-13T12:26:15 shipment_service INFO calling warehouse_service
2022-02-20T21:15:24 shipment_service INFO calling route_planning_service
1974-09-11T04:27:23 shipment_service INFO calling tracking_service
2002-12-07T03:37:54 shipment_service INFO calling billing_service
1999-04-08T06:11:35 shipment_service INFO calling warehouse_service
1978-12-31T19:33:46 shipment_service INFO calling route_planning_service
2015-07-22T18:01:24 shipment_service INFO calling tracking_service
2001-12-07T21:17:23 shipment_service INFO calling billing_service
2025-03-19T09:20:04 shipment_service WARN request to warehouse_service slower than threshold