2009-01-17T14:57:28 tracking_service WARN request to notification_service slower than threshold
1982-07-17T13:34:31 tracking_service INFO calling analytics_service
2014-08-12T17:57:42 tracking_service INFO calling notification_service
2012-07-31T12:38:38 tracking_service INFO calling analytics_service
1971-12-12T18:01:01 tracking_service INFO calling notification_service
1979-10-20T03:41:27 tracking_service INFO calling analytics_service
2010-02-11T02:09:47 tracking_service INFO calling notification_service
2012-04-20T01:00:59 tracking_service INFO calling analytics_service
1979-08-07T12:47:25 tracking_service INFO calling notification_service
1992-03-13T14:05:07 tracking_service INFO calling analytics_service
2011-07-07T12:59:52 tracking_service INFO calling notification_service
2002-10-29T21:50:23 tracking_service INFO calling analytics_service
1995-11-17T03:48:22 tracking_service INFO calling notification_service
1999-12-31T16:12:21 tracking_service INFO calling analytics_service
1987-07-29T04:19:54 tracking_service INFO calling notification_service
2012-07-27T20:21:32 tracking_service INFO calling analytics_service
2023-10-13T04:36:39 tracking_service INFO calling notification_service
2021-02-21T08:23:44 tracking_service WARN request to analytics_service slower than threshold
1999-09-12T05:13:15 tracking_service INFO calling notification_service
2022-10-09T16:53:58 tracking_service INFO calling analytics_service
1990-11-16T11:55:06 tracking_service INFO calling notification_service
1989-03-02T19:12:47 tracking_service INFO calling analytics_service
2018-07-20T00:02:52 tracking_service INFO calling notification_service
2009-11-17T15:10:38 tracking_service INFO calling analytics_service
2024-03-12T07:49:47 tracking_service INFO calling notification_service
1977-02-18T17:46:01 tracking_service INFO calling analytics_service
1975-07-23T04:04:42 tracking_service INFO calling notification_service
1977-11-27T12:56:14 tracking_service INFO calling analytics_service
1970-03-19T09:06:04 tracking_service INFO calling notification_service
1993-09-08T04:55:34 tracking_service INFO calling analytics_service
1971-08-02T13:04:13 tracking_service INFO calling notification_service
2000-01-12T04:33:39 tracking_service INFO calling analytics_service
1992-07-07T02:29:59 tracking_service INFO calling notification_service
1981-11-07T18:13:15 tracking_service INFO calling analytics_service
1981-04-27T20:07:23 tracking_service WARN request to notification_service slower than threshold
1975-04-20T01:29:20 tracking_service INFO calling analytics_service
2000-06-14T14:52:56 tracking_service INFO calling notification_service
2023-09-20T02:59:49 tracking_service INFO calling analytics_service
2004-11-08T22:47:36 tracking_service INFO calling notification_service
1974-03-15T23:10:30 tracking_service INFO calling analytics_service
1973-11-05T18:48:50 tracking_service INFO calling notification_service
2011-12-18T05:11:15 tracking_service ERROR timeout detected while calling analytics_service
2014-04-07T11:46:33 tracking_service INFO calling notification_service
2021-01-14T02:20:21 tracking_service INFO calling analytics_service
2019-02-01T10:46:39 tracking_service INFO calling notification_service
2000-08-28T12:48:14 tracking_service INFO calling analytics_service
2013-02-23T12:34:30 tracking_service INFO calling notification_service
2006-06-01T19:43:17 tracking_service INFO calling analytics_service
2022-04-09T14:54:58 tracking_service INFO calling notification_service
2022-02-01T11:57:07 tracking_service INFO calling analytics_service
2009-07-10T06:25:52 tracking_service INFO calling notification_service
2007-12-23T16:40:41 tracking_service WARN request to analytics_service slower than threshold
2025-03-22T18:11:38 tracking_service INFO calling notification_service
2018-04-06T12:36:57 tracking_service INFO calling analytics_service
2022-08-31T04:57:42 tracking_service INFO calling notification_service
2011-09-22T01:26:20 tracking_service INFO calling analytics_service
1990-08-31T15:50:28 tracking_service INFO calling notification_service
2012-07-10T01:29:16 tracking_service INFO calling analytics_service
1989-08-17T18:46:31 tracking_service INFO calling notification_service
2021-02-07T04:49:56 tracking_service INFO calling analytics_service
2006-12-30T15:02:28 tracking_service INFO calling notification_service
1975-07-28T01:28:16 tracking_service INFO calling analytics_service
1985-09-20T10:51:29 tracking_service INFO calling notification_service
1971-08-28T08:49:29 tracking_service INFO calling analytics_service
2005-06-23T23:22:34 tracking_service INFO calling notification_service
1982-01-28T19:46:50 tracking_service INFO calling analytics_service
2006-11-30T15:34:49 tracking_service INFO calling notification_service
1984-01-10T19:47:11 tracking_service INFO calling analytics_service
1982-08-06T02:35:14 tracking_service WARN request to notification_service slower than threshold
2017-07-07T22:49:58 tracking_service INFO calling analytics_service
1987-07-29T17:01:44 tracking_service INFO calling notification_service
1992-06-08T15:54:53 tracking_service INFO calling analytics_service
1975-01-18T17:26:29 tracking_service INFO calling notification_service
2019-10-02T23:38:46 tracking_service INFO calling analytics_service
2021-01-20T02:14:30 tracking_service INFO calling notification_service
1989-01-03T17:18:26 tracking_service INFO calling analytics_service
1975-12-09T18:43:41 tracking_service INFO calling notification_service
2024-02-26T08:01:38 tracking_service INFO calling analytics_service
1995-10-27T02:15:10 tracking_service INFO calling notification_service
1973-01-28T06:10:57 tracking_service INFO calling analytics_service
1987-05-25T02:32:13 tracking_service INFO calling notification_service
2011-11-24T18:53:22 tracking_service INFO calling analytics_service
1979-10-13T13:37:10 tracking_service ERROR timeout detected while calling notification_service
1981-04-01T06:20:05 tracking_service INFO calling analytics_service
2003-06-30T21:30:00 tracking_service INFO calling notification_service
1977-08-09T08:30:15 tracking_service WARN request to analytics_service slower than threshold
1997-10-28T20:43:42 tracking_service INFO calling notification_service
1989-01-09T18:45:43 tracking_service INFO calling analytics_service
2015-09-27T22:56:48 tracking_service INFO calling notification_service
1994-08-08T14:42:27 tracking_service INFO calling analytics_service
1997-03-06T13:04:01 tracking_service INFO calling notification_service
2022-06-18T17:37:48 tracking_service INFO calling analytics_service
1984-06-08T06:54:36 tracking_service INFO calling notification_service
1983-09-02T16:55:37 tracking_service INFO calling analytics_service
1996-03-18T18:24:35 tracking_service INFO calling notification_service
2019-12-13T08:52:52 tracking_service INFO calling analytics_service
2019-10-25T22:58:09 tracking_service INFO calling notification_service
1990-11-24T03:36:29 tracking_service INFO calling analytics_service
2015-02-03T07:36:16 tracking_service INFO calling notification_service
2003-11-13T08:03:18 tracking_service INFO calling analytics_service
1994-01-09T01:42:18 tracking_service INFO calling notification_service
1984-07-08T16:06:51 tracking_service INFO calling analytics_service
1987-03-02T03:12:57 tracking_service WARN request to notification_service slower than threshold
1984-01-28T22:40:35 tracking_service INFO calling analytics_service
1980-09-07T18:25:29 tracking_service INFO calling notification_service
2006-04-01T18:21:53 tracking_service INFO calling analytics_service
1987-04-05T22:02:48 tracking_service INFO calling notification_service
2021-02-18T08:11:22 tracking_service INFO calling analytics_service
2013-08-18T20:09:30 tracking_service INFO calling notification_service
2021-02-22T07:14:53 tracking_service INFO calling analytics_service
1999-03-02T20:50:07 tracking_service INFO calling notification_service
2005-10-29T04:21:39 tracking_service INFO calling analytics_service
1981-01-24T03:26:51 tracking_service INFO calling notification_service
2006-05-27T19:11:54 tracking_service INFO calling analytics_service
1974-05-09T16:25:53 tracking_service INFO calling notification_service
2001-04-25T13:59:29 tracking_service INFO calling analytics_service
1994-09-17T07:29:17 tracking_service INFO calling notification_service
2007-08-17T17:35:02 tracking_service INFO calling analytics_service
1987-09-08T23:21:12 tracking_service INFO calling notification_service
1997-02-26T00:56:13 tracking_service WARN request to analytics_service slower than threshold