1972-10-21T03:18:06 admin_portal WARN request to merchant_service slower than threshold
1982-08-27T20:46:02 admin_portal INFO calling reporting_service
1994-12-28T21:55:55 admin_portal INFO calling analytics_service
1974-04-20T19:29:53 admin_portal INFO calling merchant_service
1999-12-22T20:51:27 admin_portal INFO calling reporting_service
2014-04-10T03:05:04 admin_portal INFO calling analytics_service
1998-10-04T20:15:52 admin_portal INFO calling merchant_service
1973-07-10T08:30:31 admin_portal INFO calling reporting_service
2000-03-25T01:31:43 admin_portal INFO calling analytics_service
2020-04-10T11:33:03 admin_portal INFO calling merchant_service
2019-01-18T00:23:32 admin_portal INFO calling reporting_service
2025-09-29T08:54:49 admin_portal INFO calling analytics_service
1991-06-05T08:08:10 admin_portal INFO calling merchant_service
1999-05-17T19:36:26 admin_portal INFO calling reporting_service
2002-11-24T08:13:59 admin_portal INFO calling analytics_service
1985-12-16T00:15:49 admin_portal INFO calling merchant_service
2020-07-09T18:00:00 admin_portal INFO calling reporting_service
2002-05-15T19:31:36 admin_portal WARN request to analytics_service slower than threshold
2009-12-30T21:01:10 admin_portal INFO calling merchant_service
1974-10-09T04:48:58 admin_portal INFO calling reporting_service
2010-09-15T16:47:00 admin_portal INFO calling analytics_service
2022-07-07T10:37:25 admin_portal INFO calling merchant_service
1988-11-16T17:09:49 admin_portal INFO calling reporting_service
2003-04-18T00:54:28 admin_portal INFO calling analytics_service
1980-08-08T13:47:25 admin_portal INFO calling merchant_service
1990-10-17T23:52:45 admin_portal INFO calling reporting_service
2017-04-28T19:13:33 admin_portal INFO calling analytics_service
1978-10-09T03:58:00 admin_portal INFO calling merchant_service
1980-09-21T05:35:26 admin_portal INFO calling reporting_service
2022-06-13T23:06:49 admin_portal INFO calling analytics_service
2021-06-03T19:13:52 admin_portal INFO calling merchant_service
1992-11-27T07:43:28 admin_portal INFO calling reporting_service
1984-10-22T00:05:28 admin_portal INFO calling analytics_service
2000-03-18T09:40:22 admin_portal INFO calling merchant_service
1987-01-14T07:00:55 admin_portal WARN request to reporting_service slower than threshold
1985-01-28T16:46:01 admin_portal INFO calling analytics_service
1973-09-01T22:36:51 admin_portal INFO calling merchant_service
1983-01-10T17:13:33 admin_portal INFO calling reporting_service
2015-11-06T13:58:35 admin_portal INFO calling analytics_service
2015-11-05T11:11:44 admin_portal INFO calling merchant_service
1997-01-24T08:20:36 admin_portal INFO calling reporting_service
2003-01-22T16:20:14 admin_portal ERROR timeout detected while calling analytics_service
1985-03-22T15:17:21 admin_portal INFO calling merchant_service
1987-03-25T15:54:38 admin_portal INFO calling reporting_service
2003-08-29T04:25:21 admin_portal INFO calling analytics_service
1977-07-02T18:30:22 admin_portal INFO calling merchant_service
2021-01-21T08:26:03 admin_portal INFO calling reporting_service
2004-05-25T18:57:58 admin_portal INFO calling analytics_service
1986-04-08T19:38:12 admin_portal INFO calling merchant_service
1992-08-12T21:08:39 admin_portal INFO calling reporting_service
1991-01-08T07:24:58 admin_portal INFO calling analytics_service
2000-10-29T10:48:05 admin_portal WARN request to merchant_service slower than threshold
2005-07-19T13:30:15 admin_portal INFO calling reporting_service
2015-05-10T11:31:24 admin_portal INFO calling analytics_service
2005-11-11T13:22:25 admin_portal INFO calling merchant_service
2007-11-24T19:25:19 admin_portal INFO calling reporting_service
1997-12-06T01:59:51 admin_portal INFO calling analytics_service
1996-02-21T01:48:52 admin_portal INFO calling merchant_service
1977-08-07T10:34:31 admin_portal INFO calling reporting_service
1983-04-05T17:40:35 admin_portal INFO calling analytics_service
1987-10-16T18:45:19 admin_portal INFO calling merchant_service
2024-11-03T15:57:48 admin_portal INFO calling reporting_service
2019-03-29T04:30:43 admin_portal INFO calling analytics_service
1984-08-04T22:14:16 admin_portal INFO calling merchant_service
2019-09-06T14:35:55 admin_portal INFO calling reporting_service
2001-05-01T11:36:15 admin_portal INFO calling analytics_service
2025-03-09T15:41:29 admin_portal INFO calling merchant_service
2004-02-05T11:00:26 admin_portal INFO calling reporting_service
1989-10-15T09:41:17 admin_portal WARN request to analytics_service slower than threshold
2025-04-01T20:52:33 admin_portal INFO calling merchant_service
1976-04-01T19:14:17 admin_portal INFO calling reporting_service
1975-01-21T19:06:39 admin_portal INFO calling analytics_service
2003-01-31T09:56:51 admin_portal INFO calling merchant_service
2004-07-02T05:26:14 admin_portal INFO calling reporting_service
1980-04-03T21:44:22 admin_portal INFO calling analytics_service
2007-01-28T23:17:55 admin_portal INFO calling merchant_service
1975-01-20T10:42:47 admin_portal INFO calling reporting_service
1970-06-29T07:35:05 admin_portal INFO calling analytics_service
1984-08-03T11:22:04 admin_portal INFO calling merchant_service
1993-04-22T14:18:08 admin_portal INFO calling reporting_service
1982-08-08T02:51:45 admin_portal INFO calling analytics_service
1980-07-29T21:13:23 admin_portal INFO calling merchant_service
1986-07-21T03:52:36 admin_portal ERROR timeout detected while calling reporting_service
2019-10-07T11:41:39 admin_portal INFO calling analytics_service
1976-01-29T16:30:43 admin_portal INFO calling merchant_service
1978-12-08T15:15:14 admin_portal WARN request to reporting_service slower than threshold
1993-02-01T05:27:04 admin_portal INFO calling analytics_service
1986-03-17T04:35:23 admin_portal INFO calling merchant_service
1970-08-04T08:01:38 admin_portal INFO calling reporting_service
1978-05-04T04:06:37 admin_portal INFO calling analytics_service
2016-10-22T01:12:10 admin_portal INFO calling merchant_service
2024-08-17T11:12:24 admin_portal INFO calling reporting_service
2023-06-30T04:39:50 admin_portal INFO calling analytics_service
1986-10-29T02:13:13 admin_portal INFO calling merchant_service
2021-10-24T05:32:56 admin_portal INFO calling reporting_service
1986-10-20T23:27:44 admin_portal INFO calling analytics_service
1976-03-30T00:27:30 admin_portal INFO calling merchant_service
2002-02-05T07:17:56 admin_portal INFO calling reporting_service
1986-03-18T18:36:07 admin_portal INFO calling analytics_service
2021-06-25T19:35:58 admin_portal INFO calling merchant_service
2006-03-03T17:26:19 admin_portal INFO calling reporting_service
1989-10-11T15:30:14 admin_portal INFO calling analytics_service
1983-01-26T07:36:14 admin_portal WARN request to merchant_service slower than threshold
1970-12-19T02:50:39 admin_portal INFO calling reporting_service
1975-06-30T03:54:54 admin_portal INFO calling analytics_service
2011-02-09T17:22:33 admin_portal INFO calling merchant_service
1981-09-18T14:02:41 admin_portal INFO calling reporting_service
1993-05-17T10:23:10 admin_portal INFO calling analytics_service
1979-03-20T08:44:00 admin_portal INFO calling merchant_service
2003-04-02T14:41:54 admin_portal INFO calling reporting_service
1979-02-04T00:36:15 admin_portal INFO calling analytics_service
2003-11-20T23:35:01 admin_portal INFO calling merchant_service
1986-11-03T11:00:30 admin_portal INFO calling reporting_service
1978-11-15T10:45:45 admin_portal INFO calling analytics_service
1985-09-12T12:40:09 admin_portal INFO calling merchant_service
1971-02-26T19:52:38 admin_portal INFO calling reporting_service
1988-10-19T12:06:01 admin_portal INFO calling analytics_service
1999-08-06T17:44:31 admin_portal INFO calling merchant_service
2005-10-01T23:50:55 admin_portal INFO calling reporting_service
1975-07-11T19:42:07 admin_portal WARN request to analytics_service slower than threshold