2024-08-16T05:17:51 api_gateway WARN request to auth_service slower than threshold
2026-01-14T04:50:07 api_gateway INFO calling checkout_service
2004-05-17T14:23:21 api_gateway INFO calling merchant_service
2001-12-07T23:43:25 api_gateway INFO calling auth_service
2010-10-29T07:23:32 api_gateway INFO calling checkout_service
2014-05-20T23:11:57 api_gateway INFO calling merchant_service
1970-06-20T01:57:40 api_gateway INFO calling auth_service
2019-10-04T17:00:33 api_gateway INFO calling checkout_service
1982-08-10T18:54:26 api_gateway INFO calling merchant_service
2011-11-02T10:29:18 api_gateway INFO calling auth_service
1975-03-10T05:14:51 api_gateway INFO calling checkout_service
2005-09-25T10:02:02 api_gateway INFO calling merchant_service
2013-09-28T15:27:26 api_gateway INFO calling auth_service
2013-03-27T14:03:34 api_gateway INFO calling checkout_service
2015-06-10T16:09:49 api_gateway INFO calling merchant_service
2011-04-08T06:55:37 api_gateway INFO calling auth_service
2022-04-29T10:24:03 api_gateway INFO calling checkout_service
1995-01-16T13:48:51 api_gateway WARN request to merchant_service slower than threshold
1979-09-03T15:13:34 api_gateway INFO calling auth_service
2023-01-21T08:52:04 api_gateway INFO calling checkout_service
1984-01-25T03:57:39 api_gateway INFO calling merchant_service
2024-07-18T08:46:08 api_gateway INFO calling auth_service
2022-02-08T23:31:13 api_gateway INFO calling checkout_service
1974-10-28T08:29:02 api_gateway INFO calling merchant_service
1995-01-13T13:46:20 api_gateway INFO calling auth_service
1999-12-13T17:28:54 api_gateway INFO calling checkout_service
2018-06-20T02:57:44 api_gateway INFO calling merchant_service
1987-08-22T11:41:04 api_gateway INFO calling auth_service
2019-07-11T09:53:44 api_gateway INFO calling checkout_service
2012-12-16T01:26:36 api_gateway INFO calling merchant_service
1976-06-27T05:32:37 api_gateway INFO calling auth_service
1985-07-08T13:30:53 api_gateway INFO calling checkout_service
1988-11-21T11:03:41 api_gateway INFO calling merchant_service
2000-12-02T05:32:17 api_gateway INFO calling auth_service
1975-09-08T10:15:31 api_gateway WARN request to checkout_service slower than threshold
1988-07-24T16:47:05 api_gateway INFO calling merchant_service
1990-02-11T08:33:37 api_gateway INFO calling auth_service
1986-09-03T21:41:48 api_gateway INFO calling checkout_service
1994-12-07T07:44:29 api_gateway INFO calling merchant_service
2011-03-30T12:08:42 api_gateway INFO calling auth_service
1984-10-19T02:33:33 api_gateway INFO calling checkout_service
2006-10-27T06:08:38 api_gateway ERROR timeout detected while calling merchant_service
2019-03-04T19:53:32 api_gateway INFO calling auth_service
2010-08-18T03:18:01 api_gateway INFO calling checkout_service
2019-09-20T19:22:18 api_gateway INFO calling merchant_service
2015-09-22T01:04:11 api_gateway INFO calling auth_service
1988-04-19T19:33:17 api_gateway INFO calling checkout_service
1982-03-25T17:33:16 api_gateway INFO calling merchant_service
2012-12-08T09:13:03 api_gateway INFO calling auth_service
2001-08-29T10:45:43 api_gateway INFO calling checkout_service
2024-05-05T11:33:23 api_gateway INFO calling merchant_service
1983-06-10T19:55:39 api_gateway WARN request to auth_service slower than threshold
1989-01-03T23:30:25 api_gateway INFO calling checkout_service
1987-07-04T18:04:48 api_gateway INFO calling merchant_service
1999-03-16T12:21:22 api_gateway INFO calling auth_service
2012-05-11T05:50:58 api_gateway INFO calling checkout_service
1973-01-11T04:39:06 api_gateway INFO calling merchant_service
1989-06-07T17:27:07 api_gateway INFO calling auth_service
2017-12-14T23:21:42 api_gateway INFO calling checkout_service
1976-05-28T17:36:10 api_gateway INFO calling merchant_service
2017-08-19T09:34:42 api_gateway INFO calling auth_service
1987-03-15T12:36:46 api_gateway INFO calling checkout_service
1999-05-26T04:44:20 api_gateway INFO calling merchant_service
2017-10-22T22:22:57 api_gateway INFO calling auth_service
2014-10-05T00:20:47 api_gateway INFO calling checkout_service
1978-10-29T11:06:21 api_gateway INFO calling merchant_service
2008-10-20T17:30:37 api_gateway INFO calling auth_service
1981-04-10T20:01:22 api_gateway INFO calling checkout_service
2017-08-29T22:28:57 api_gateway WARN request to merchant_service slower than threshold
1973-05-30T22:48:29 api_gateway INFO calling auth_service
2015-08-29T20:39:54 api_gateway INFO calling checkout_service
1980-12-18T10:10:01 api_gateway INFO calling merchant_service
1971-04-06T14:59:58 api_gateway INFO calling auth_service
1991-08-22T09:38:24 api_gateway INFO calling checkout_service
1998-08-31T17:20:24 api_gateway INFO calling merchant_service
2000-11-11T19:26:35 api_gateway INFO calling auth_service
1973-08-12T07:11:10 api_gateway INFO calling checkout_service
1974-12-06T10:50:19 api_gateway INFO calling merchant_service
1996-08-27T15:05:08 api_gateway INFO calling auth_service
2019-06-25T22:52:27 api_gateway INFO calling checkout_service
1986-12-16T10:03:32 api_gateway INFO calling merchant_service
1996-09-05T13:59:43 api_gateway INFO calling auth_service
1982-03-28T20:42:17 api_gateway ERROR timeout detected while calling checkout_service
1974-07-17T11:18:11 api_gateway INFO calling merchant_service
1974-02-14T01:06:43 api_gateway INFO calling auth_service
2022-01-07T19:45:46 api_gateway WARN request to checkout_service slower than threshold
1993-02-01T09:52:54 api_gateway INFO calling merchant_service
2005-09-19T06:12:45 api_gateway INFO calling auth_service
2013-02-07T19:08:05 api_gateway INFO calling checkout_service
2006-07-07T01:39:23 api_gateway INFO calling merchant_service
1973-10-09T07:05:24 api_gateway INFO calling auth_service
1982-05-20T18:17:24 api_gateway INFO calling checkout_service
2004-08-07T18:44:36 api_gateway INFO calling merchant_service
1984-03-05T19:18:46 api_gateway INFO calling auth_service
1989-08-04T00:26:01 api_gateway INFO calling checkout_service
1991-11-21T07:10:18 api_gateway INFO calling merchant_service
2012-09-04T01:18:43 api_gateway INFO calling auth_service
2007-03-25T15:08:30 api_gateway INFO calling checkout_service
2006-09-08T09:34:18 api_gateway INFO calling merchant_service
1987-05-14T07:30:56 api_gateway INFO calling auth_service
1978-12-22T03:19:57 api_gateway INFO calling checkout_service
1986-03-14T07:13:10 api_gateway INFO calling merchant_service
1972-07-04T05:07:45 api_gateway WARN request to auth_service slower than threshold
1991-06-13T11:14:17 api_gateway INFO calling checkout_service
1977-04-05T07:45:18 api_gateway INFO calling merchant_service
1990-02-11T00:38:27 api_gateway INFO calling auth_service
2005-07-21T09:49:08 api_gateway INFO calling checkout_service
1988-01-12T13:11:22 api_gateway INFO calling merchant_service
1990-01-24T18:17:57 api_gateway INFO calling auth_service
1979-05-26T20:40:19 api_gateway INFO calling checkout_service
2025-01-04T03:58:49 api_gateway INFO calling merchant_service
1985-10-27T07:53:30 api_gateway INFO calling auth_service
1990-07-24T11:30:40 api_gateway INFO calling checkout_service
2002-05-22T06:42:07 api_gateway INFO calling merchant_service
1988-01-05T18:33:19 api_gateway INFO calling auth_service
2015-02-16T13:04:31 api_gateway INFO calling checkout_service
1997-03-11T21:07:22 api_gateway INFO calling merchant_service
1982-07-14T04:27:22 api_gateway INFO calling auth_service
2019-05-14T08:24:26 api_gateway INFO calling checkout_service
1990-11-18T08:45:47 api_gateway WARN request to merchant_service slower than threshold