1994-04-14T01:27:26 checkout_service WARN request to payment_service slower than threshold
1977-08-16T09:05:02 checkout_service INFO calling notification_service
1993-08-27T18:13:10 checkout_service INFO calling payment_service
2023-10-10T21:04:07 checkout_service INFO calling notification_service
1995-06-05T16:08:30 checkout_service INFO calling payment_service
1983-05-15T20:33:51 checkout_service INFO calling notification_service
1998-12-12T14:22:13 checkout_service INFO calling payment_service
1989-10-22T15:27:30 checkout_service INFO calling notification_service
1995-11-29T07:31:13 checkout_service INFO calling payment_service
2021-02-14T23:38:00 checkout_service INFO calling notification_service
1981-10-05T11:58:10 checkout_service INFO calling payment_service
2005-04-23T17:40:40 checkout_service INFO calling notification_service
2001-01-03T16:59:35 checkout_service INFO calling payment_service
2006-05-09T10:23:14 checkout_service INFO calling notification_service
2004-01-22T22:49:30 checkout_service INFO calling payment_service
1991-06-16T16:34:52 checkout_service INFO calling notification_service
1984-05-27T20:13:57 checkout_service INFO calling payment_service
2010-02-09T03:08:00 checkout_service WARN request to notification_service slower than threshold
1982-04-14T04:47:29 checkout_service INFO calling payment_service
2025-11-11T11:01:19 checkout_service INFO calling notification_service
1971-08-04T20:56:48 checkout_service INFO calling payment_service
2020-03-29T17:22:15 checkout_service INFO calling notification_service
2011-08-12T16:46:13 checkout_service INFO calling payment_service
2009-11-21T03:41:06 checkout_service INFO calling notification_service
2005-03-23T08:26:18 checkout_service INFO calling payment_service
2015-09-01T04:41:48 checkout_service INFO calling notification_service
2006-12-13T10:02:22 checkout_service INFO calling payment_service
2011-09-19T15:58:33 checkout_service INFO calling notification_service
2025-09-27T13:54:39 checkout_service INFO calling payment_service
1999-11-24T03:11:13 checkout_service INFO calling notification_service
2025-02-09T06:33:06 checkout_service INFO calling payment_service
1998-05-20T22:19:51 checkout_service INFO calling notification_service
2005-02-26T04:30:51 checkout_service INFO calling payment_service
2025-04-09T19:21:18 checkout_service INFO calling notification_service
2022-12-14T22:17:24 checkout_service WARN request to payment_service slower than threshold
1981-10-29T06:16:32 checkout_service INFO calling notification_service
1987-08-22T22:34:18 checkout_service INFO calling payment_service
1981-03-30T10:34:06 checkout_service INFO calling notification_service
2022-05-08T14:02:08 checkout_service INFO calling payment_service
1986-06-30T12:42:05 checkout_service INFO calling notification_service
2009-01-10T19:11:04 checkout_service INFO calling payment_service
2010-06-11T17:11:48 checkout_service ERROR timeout detected while calling notification_service
1975-11-03T03:46:33 checkout_service INFO calling payment_service
1981-10-25T12:31:54 checkout_service INFO calling notification_service
2020-06-28T23:07:45 checkout_service INFO calling payment_service
2005-02-20T15:27:50 checkout_service INFO calling notification_service
1974-08-20T23:29:32 checkout_service INFO calling payment_service
2011-01-14T13:03:15 checkout_service INFO calling notification_service
2003-12-25T14:12:24 checkout_service INFO calling payment_service
2004-03-02T16:37:51 checkout_service INFO calling notification_service
2025-11-01T11:15:20 checkout_service INFO calling payment_service
1980-06-24T02:48:09 checkout_service WARN request to notification_service slower than threshold
2024-10-10T15:02:21 checkout_service INFO calling payment_service
2023-08-08T07:11:55 checkout_service INFO calling notification_service
2022-09-24T00:21:02 checkout_service INFO calling payment_service
1977-02-09T04:43:47 checkout_service INFO calling notification_service
1995-09-14T21:02:33 checkout_service INFO calling payment_service
2000-05-06T19:34:03 checkout_service INFO calling notification_service
1991-09-29T06:18:07 checkout_service INFO calling payment_service
1996-11-09T16:21:18 checkout_service INFO calling notification_service
2019-11-19T09:17:42 checkout_service INFO calling payment_service
2002-07-07T14:31:06 checkout_service INFO calling notification_service
1975-01-11T17:01:42 checkout_service INFO calling payment_service
2001-09-15T23:37:20 checkout_service INFO calling notification_service
2018-05-23T11:12:48 checkout_service INFO calling payment_service
1975-05-31T03:53:06 checkout_service INFO calling notification_service
2018-09-06T23:15:54 checkout_service INFO calling payment_service
1978-05-30T22:12:25 checkout_service INFO calling notification_service
2017-05-30T03:34:22 checkout_service WARN request to payment_service slower than threshold
2023-04-04T13:58:01 checkout_service INFO calling notification_service
2015-03-13T08:48:37 checkout_service INFO calling payment_service
1995-02-01T12:09:33 checkout_service INFO calling notification_service
1976-06-10T18:30:47 checkout_service INFO calling payment_service
1986-10-10T05:18:54 checkout_service INFO calling notification_service
1979-08-13T19:33:12 checkout_service INFO calling payment_service
1997-05-02T01:45:33 checkout_service INFO calling notification_service
1985-11-13T12:27:59 checkout_service INFO calling payment_service
2001-08-09T22:54:15 checkout_service INFO calling notification_service
1997-07-05T09:11:40 checkout_service INFO calling payment_service
1988-12-08T00:48:36 checkout_service INFO calling notification_service
1986-01-15T05:43:38 checkout_service INFO calling payment_service
1993-12-05T08:28:48 checkout_service INFO calling notification_service
2010-09-02T03:23:54 checkout_service ERROR timeout detected while calling payment_service
1975-02-11T17:20:31 checkout_service INFO calling notification_service
1971-02-01T11:35:01 checkout_service INFO calling payment_service
1978-11-28T03:04:41 checkout_service WARN request to notification_service slower than threshold
1999-11-08T22:30:44 checkout_service INFO calling payment_service
2025-05-11T20:31:22 checkout_service INFO calling notification_service
1970-04-12T19:21:07 checkout_service INFO calling payment_service
2022-01-26T18:23:11 checkout_service INFO calling notification_service
2001-02-09T22:55:07 checkout_service INFO calling payment_service
2023-03-23T09:02:10 checkout_service INFO calling notification_service
1971-01-22T23:17:54 checkout_service INFO calling payment_service
1998-04-02T10:59:51 checkout_service INFO calling notification_service
1975-05-18T14:23:42 checkout_service INFO calling payment_service
1970-08-02T18:19:28 checkout_service INFO calling notification_service
1993-08-26T00:08:53 checkout_service INFO calling payment_service
1994-06-08T20:25:36 checkout_service INFO calling notification_service
2016-05-04T01:31:53 checkout_service INFO calling payment_service
1970-05-22T13:24:47 checkout_service INFO calling notification_service
1993-05-25T16:00:21 checkout_service INFO calling payment_service
1994-06-05T04:26:13 checkout_service INFO calling notification_service
2000-04-02T10:43:06 checkout_service WARN request to payment_service slower than threshold
2003-09-14T07:40:53 checkout_service INFO calling notification_service
1980-07-28T03:16:13 checkout_service INFO calling payment_service
1975-08-03T05:44:24 checkout_service INFO calling notification_service
1996-09-09T03:13:02 checkout_service INFO calling payment_service
1976-03-06T04:50:18 checkout_service INFO calling notification_service
1999-12-25T23:17:19 checkout_service INFO calling payment_service
1994-12-23T00:46:48 checkout_service INFO calling notification_service
2015-02-16T07:42:44 checkout_service INFO calling payment_service
2014-11-14T16:20:47 checkout_service INFO calling notification_service
2015-05-30T12:55:31 checkout_service INFO calling payment_service
2018-09-12T11:20:03 checkout_service INFO calling notification_service
2005-04-11T21:42:33 checkout_service INFO calling payment_service
2007-09-08T06:05:15 checkout_service INFO calling notification_service
1981-10-15T02:21:48 checkout_service INFO calling payment_service
1996-06-15T00:12:59 checkout_service INFO calling notification_service
2019-01-31T04:49:33 checkout_service INFO calling payment_service
1994-05-21T18:29:06 checkout_service WARN request to notification_service slower than threshold