1982-05-30T06:25:55 payment_service WARN request to ledger_service slower than threshold
1970-10-25T16:00:50 payment_service INFO calling reporting_service
2017-07-12T12:04:14 payment_service INFO calling fraud_service
1988-10-06T16:33:43 payment_service INFO calling ledger_service
1993-09-24T13:55:54 payment_service INFO calling reporting_service
1997-12-09T16:38:54 payment_service INFO calling fraud_service
1990-12-31T05:50:53 payment_service INFO calling ledger_service
1981-09-19T07:35:48 payment_service INFO calling reporting_service
2023-01-27T10:15:03 payment_service INFO calling fraud_service
2024-07-17T16:01:14 payment_service INFO calling ledger_service
2010-05-05T23:45:40 payment_service INFO calling reporting_service
1970-02-17T11:07:04 payment_service INFO calling fraud_service
2011-06-05T23:25:28 payment_service INFO calling ledger_service
1979-09-14T18:45:05 payment_service INFO calling reporting_service
2019-04-05T15:15:43 payment_service INFO calling fraud_service
1978-10-06T18:44:27 payment_service INFO calling ledger_service
1997-11-20T20:08:17 payment_service INFO calling reporting_service
1972-06-21T14:43:45 payment_service WARN request to fraud_service slower than threshold
1979-05-26T03:50:58 payment_service INFO calling ledger_service
2007-12-24T16:58:15 payment_service INFO calling reporting_service
1977-03-12T22:11:19 payment_service INFO calling fraud_service
1991-01-11T21:22:06 payment_service INFO calling ledger_service
2003-04-16T08:41:45 payment_service INFO calling reporting_service
1973-01-16T11:49:33 payment_service INFO calling fraud_service
1994-10-24T16:39:28 payment_service INFO calling ledger_service
1971-12-14T07:12:36 payment_service INFO calling reporting_service
1972-11-25T11:44:12 payment_service INFO calling fraud_service
2000-06-10T02:14:52 payment_service INFO calling ledger_service
1974-09-08T18:14:52 payment_service INFO calling reporting_service
1988-01-05T02:11:49 payment_service INFO calling fraud_service
1985-08-22T15:01:02 payment_service INFO calling ledger_service
1999-09-05T11:27:39 payment_service INFO calling reporting_service
2008-04-08T11:16:58 payment_service INFO calling fraud_service
2017-07-29T15:27:24 payment_service INFO calling ledger_service
1982-12-28T06:53:40 payment_service WARN request to reporting_service slower than threshold
2010-08-08T02:49:29 payment_service INFO calling fraud_service
1972-12-30T22:57:26 payment_service INFO calling ledger_service
2009-03-03T00:23:01 payment_service INFO calling reporting_service
2000-10-13T20:56:41 payment_service INFO calling fraud_service
1986-12-04T20:05:57 payment_service INFO calling ledger_service
2019-06-10T11:42:54 payment_service INFO calling reporting_service
1985-11-13T00:44:59 payment_service ERROR timeout detected while calling fraud_service
1988-07-31T14:05:57 payment_service INFO calling ledger_service
2006-12-03T23:34:14 payment_service INFO calling reporting_service
1978-02-23T19:00:34 payment_service INFO calling fraud_service
2019-07-26T09:21:07 payment_service INFO calling ledger_service
1991-02-01T17:18:55 payment_service INFO calling reporting_service
1989-01-17T21:59:39 payment_service INFO calling fraud_service
2019-12-08T07:05:02 payment_service INFO calling ledger_service
2017-10-24T02:30:13 payment_service INFO calling reporting_service
2007-11-24T20:10:45 payment_service INFO calling fraud_service
1980-03-02T11:56:49 payment_service WARN request to ledger_service slower than threshold
1971-02-13T13:40:35 payment_service INFO calling reporting_service
1979-04-27T01:11:14 payment_service INFO calling fraud_service
2007-07-28T06:23:10 payment_service INFO calling ledger_service
1998-05-27T15:00:20 payment_service INFO calling reporting_service
1999-11-16T00:16:53 payment_service INFO calling fraud_service
2021-05-22T09:40:39 payment_service INFO calling ledger_service
2004-11-02T15:15:24 payment_service INFO calling reporting_service
2008-09-23T15:26:59 payment_service INFO calling fraud_service
2009-04-17T15:22:45 payment_service INFO calling ledger_service
1975-10-23T20:19:43 payment_service INFO calling reporting_service
1997-04-11T05:44:51 payment_service INFO calling fraud_service
1974-11-09T03:09:25 payment_service INFO calling ledger_service
2021-05-23T10:53:45 payment_service INFO calling reporting_service
2011-11-06T11:39:44 payment_service INFO calling fraud_service
2023-09-30T19:35:40 payment_service INFO calling ledger_service
1981-06-21T02:58:13 payment_service INFO calling reporting_service
1999-03-11T08:29:15 payment_service WARN request to fraud_service slower than threshold
1989-09-13T14:10:33 payment_service INFO calling ledger_service
1972-06-11T12:25:38 payment_service INFO calling reporting_service
1996-07-28T05:08:16 payment_service INFO calling fraud_service
1992-05-20T15:36:25 payment_service INFO calling ledger_service
2015-07-19T10:06:45 payment_service INFO calling reporting_service
2015-07-09T08:14:07 payment_service INFO calling fraud_service
2002-09-20T03:34:56 payment_service INFO calling ledger_service
1978-06-19T00:22:42 payment_service INFO calling reporting_service
1994-02-20T00:51:26 payment_service INFO calling fraud_service
2014-02-21T18:19:15 payment_service INFO calling ledger_service
1997-09-16T09:22:45 payment_service INFO calling reporting_service
2005-03-20T00:52:08 payment_service INFO calling fraud_service
1976-11-17T10:51:08 payment_service INFO calling ledger_service
2011-10-07T09:08:21 payment_service ERROR timeout detected while calling reporting_service
2023-10-31T08:33:38 payment_service INFO calling fraud_service
2006-06-08T20:10:38 payment_service INFO calling ledger_service
2022-09-27T09:42:55 payment_service WARN request to reporting_service slower than threshold
2010-03-14T11:09:58 payment_service INFO calling fraud_service
2008-02-03T05:09:53 payment_service INFO calling ledger_service
2001-01-16T10:48:08 payment_service INFO calling reporting_service
1985-08-20T08:28:43 payment_service INFO calling fraud_service
1971-07-19T20:55:05 payment_service INFO calling ledger_service
1979-02-28T20:12:38 payment_service INFO calling reporting_service
2006-01-04T02:08:53 payment_service INFO calling fraud_service
2010-09-10T22:57:37 payment_service INFO calling ledger_service
2006-08-25T05:29:49 payment_service INFO calling reporting_service
1970-05-26T07:13:56 payment_service INFO calling fraud_service
2014-11-03T01:03:34 payment_service INFO calling ledger_service
1987-07-06T15:16:41 payment_service INFO calling reporting_service
2014-04-25T18:11:46 payment_service INFO calling fraud_service
1985-04-29T06:13:28 payment_service INFO calling ledger_service
1983-12-21T02:14:39 payment_service INFO calling reporting_service
1990-07-01T03:40:36 payment_service INFO calling fraud_service
2015-04-03T16:28:42 payment_service WARN request to ledger_service slower than threshold
1991-08-02T20:17:17 payment_service INFO calling reporting_service
2007-06-21T08:36:17 payment_service INFO calling fraud_service
2008-05-24T00:36:15 payment_service INFO calling ledger_service
1986-08-04T01:22:01 payment_service INFO calling reporting_service
2009-05-09T03:52:46 payment_service INFO calling fraud_service
1989-07-29T18:27:23 payment_service INFO calling ledger_service
2018-10-02T18:15:06 payment_service INFO calling reporting_service
1974-02-26T01:51:43 payment_service INFO calling fraud_service
2015-07-26T16:52:30 payment_service INFO calling ledger_service
2018-10-25T22:07:10 payment_service INFO calling reporting_service
2003-09-08T15:50:17 payment_service INFO calling fraud_service
2016-09-22T21:35:30 payment_service INFO calling ledger_service
2020-10-23T23:50:32 payment_service INFO calling reporting_service
1995-02-17T16:33:49 payment_service INFO calling fraud_service
1988-04-08T08:02:20 payment_service INFO calling ledger_service
2000-10-27T17:19:29 payment_service INFO calling reporting_service
2011-04-12T02:17:38 payment_service WARN request to fraud_service slower than threshold
1991-09-26T15:52:55 payment_service INFO calling fraud-service
1977-05-23T15:14:36 payment_service INFO calling ledger-service